Archive member included to satisfy reference by file (symbol)

f:/fri_novssd/stm32-cubeide/stm32cubeide_1.9.0/stm32cubeide/plugins/com.st.stm32cube.ide.mcu.externaltools.gnu-tools-for-stm32.10.3-2021.10.win32_1.0.0.202111181127/tools/bin/../lib/gcc/arm-none-eabi/10.3.1/../../../../arm-none-eabi/lib/thumb/v7e-m+fp/hard\libc_nano.a(lib_a-errno.o)
                              ./Core/Src/syscalls.o (__errno)
f:/fri_novssd/stm32-cubeide/stm32cubeide_1.9.0/stm32cubeide/plugins/com.st.stm32cube.ide.mcu.externaltools.gnu-tools-for-stm32.10.3-2021.10.win32_1.0.0.202111181127/tools/bin/../lib/gcc/arm-none-eabi/10.3.1/../../../../arm-none-eabi/lib/thumb/v7e-m+fp/hard\libc_nano.a(lib_a-exit.o)
                              f:/fri_novssd/stm32-cubeide/stm32cubeide_1.9.0/stm32cubeide/plugins/com.st.stm32cube.ide.mcu.externaltools.gnu-tools-for-stm32.10.3-2021.10.win32_1.0.0.202111181127/tools/bin/../lib/gcc/arm-none-eabi/10.3.1/../../../../arm-none-eabi/lib/thumb/v7e-m+fp/hard/crt0.o (exit)
f:/fri_novssd/stm32-cubeide/stm32cubeide_1.9.0/stm32cubeide/plugins/com.st.stm32cube.ide.mcu.externaltools.gnu-tools-for-stm32.10.3-2021.10.win32_1.0.0.202111181127/tools/bin/../lib/gcc/arm-none-eabi/10.3.1/../../../../arm-none-eabi/lib/thumb/v7e-m+fp/hard\libc_nano.a(lib_a-impure.o)
                              f:/fri_novssd/stm32-cubeide/stm32cubeide_1.9.0/stm32cubeide/plugins/com.st.stm32cube.ide.mcu.externaltools.gnu-tools-for-stm32.10.3-2021.10.win32_1.0.0.202111181127/tools/bin/../lib/gcc/arm-none-eabi/10.3.1/../../../../arm-none-eabi/lib/thumb/v7e-m+fp/hard\libc_nano.a(lib_a-exit.o) (_global_impure_ptr)
f:/fri_novssd/stm32-cubeide/stm32cubeide_1.9.0/stm32cubeide/plugins/com.st.stm32cube.ide.mcu.externaltools.gnu-tools-for-stm32.10.3-2021.10.win32_1.0.0.202111181127/tools/bin/../lib/gcc/arm-none-eabi/10.3.1/../../../../arm-none-eabi/lib/thumb/v7e-m+fp/hard\libc_nano.a(lib_a-init.o)
                              f:/fri_novssd/stm32-cubeide/stm32cubeide_1.9.0/stm32cubeide/plugins/com.st.stm32cube.ide.mcu.externaltools.gnu-tools-for-stm32.10.3-2021.10.win32_1.0.0.202111181127/tools/bin/../lib/gcc/arm-none-eabi/10.3.1/../../../../arm-none-eabi/lib/thumb/v7e-m+fp/hard/crt0.o (__libc_init_array)
f:/fri_novssd/stm32-cubeide/stm32cubeide_1.9.0/stm32cubeide/plugins/com.st.stm32cube.ide.mcu.externaltools.gnu-tools-for-stm32.10.3-2021.10.win32_1.0.0.202111181127/tools/bin/../lib/gcc/arm-none-eabi/10.3.1/../../../../arm-none-eabi/lib/thumb/v7e-m+fp/hard\libc_nano.a(lib_a-memset.o)
                              f:/fri_novssd/stm32-cubeide/stm32cubeide_1.9.0/stm32cubeide/plugins/com.st.stm32cube.ide.mcu.externaltools.gnu-tools-for-stm32.10.3-2021.10.win32_1.0.0.202111181127/tools/bin/../lib/gcc/arm-none-eabi/10.3.1/../../../../arm-none-eabi/lib/thumb/v7e-m+fp/hard/crt0.o (memset)
f:/fri_novssd/stm32-cubeide/stm32cubeide_1.9.0/stm32cubeide/plugins/com.st.stm32cube.ide.mcu.externaltools.gnu-tools-for-stm32.10.3-2021.10.win32_1.0.0.202111181127/tools/bin/../lib/gcc/arm-none-eabi/10.3.1/thumb/v7e-m+fp/hard\libgcc.a(_aeabi_uldivmod.o)
                              ./Drivers/STM32F4xx_HAL_Driver/Src/stm32f4xx_hal_rcc.o (__aeabi_uldivmod)
f:/fri_novssd/stm32-cubeide/stm32cubeide_1.9.0/stm32cubeide/plugins/com.st.stm32cube.ide.mcu.externaltools.gnu-tools-for-stm32.10.3-2021.10.win32_1.0.0.202111181127/tools/bin/../lib/gcc/arm-none-eabi/10.3.1/thumb/v7e-m+fp/hard\libgcc.a(_udivmoddi4.o)
                              f:/fri_novssd/stm32-cubeide/stm32cubeide_1.9.0/stm32cubeide/plugins/com.st.stm32cube.ide.mcu.externaltools.gnu-tools-for-stm32.10.3-2021.10.win32_1.0.0.202111181127/tools/bin/../lib/gcc/arm-none-eabi/10.3.1/thumb/v7e-m+fp/hard\libgcc.a(_aeabi_uldivmod.o) (__udivmoddi4)
f:/fri_novssd/stm32-cubeide/stm32cubeide_1.9.0/stm32cubeide/plugins/com.st.stm32cube.ide.mcu.externaltools.gnu-tools-for-stm32.10.3-2021.10.win32_1.0.0.202111181127/tools/bin/../lib/gcc/arm-none-eabi/10.3.1/thumb/v7e-m+fp/hard\libgcc.a(_dvmd_tls.o)
                              f:/fri_novssd/stm32-cubeide/stm32cubeide_1.9.0/stm32cubeide/plugins/com.st.stm32cube.ide.mcu.externaltools.gnu-tools-for-stm32.10.3-2021.10.win32_1.0.0.202111181127/tools/bin/../lib/gcc/arm-none-eabi/10.3.1/thumb/v7e-m+fp/hard\libgcc.a(_aeabi_uldivmod.o) (__aeabi_ldiv0)

Discarded input sections

 .text          0x0000000000000000        0x0 f:/fri_novssd/stm32-cubeide/stm32cubeide_1.9.0/stm32cubeide/plugins/com.st.stm32cube.ide.mcu.externaltools.gnu-tools-for-stm32.10.3-2021.10.win32_1.0.0.202111181127/tools/bin/../lib/gcc/arm-none-eabi/10.3.1/thumb/v7e-m+fp/hard/crti.o
 .data          0x0000000000000000        0x0 f:/fri_novssd/stm32-cubeide/stm32cubeide_1.9.0/stm32cubeide/plugins/com.st.stm32cube.ide.mcu.externaltools.gnu-tools-for-stm32.10.3-2021.10.win32_1.0.0.202111181127/tools/bin/../lib/gcc/arm-none-eabi/10.3.1/thumb/v7e-m+fp/hard/crti.o
[...]
Memory Configuration

Name             Origin             Length             Attributes
CCMRAM           0x0000000010000000 0x0000000000010000 xrw
RAM              0x0000000020000000 0x0000000000020000 xrw
FLASH            0x0000000008000000 0x0000000000100000 xr
*default*        0x0000000000000000 0xffffffffffffffff

Linker script and memory map

LOAD f:/fri_novssd/stm32-cubeide/stm32cubeide_1.9.0/stm32cubeide/plugins/com.st.stm32cube.ide.mcu.externaltools.gnu-tools-for-stm32.10.3-2021.10.win32_1.0.0.202111181127/tools/bin/../lib/gcc/arm-none-eabi/10.3.1/thumb/v7e-m+fp/hard/crti.o
LOAD f:/fri_novssd/stm32-cubeide/stm32cubeide_1.9.0/stm32cubeide/plugins/com.st.stm32cube.ide.mcu.externaltools.gnu-tools-for-stm32.10.3-2021.10.win32_1.0.0.202111181127/tools/bin/../lib/gcc/arm-none-eabi/10.3.1/thumb/v7e-m+fp/hard/crtbegin.o
LOAD f:/fri_novssd/stm32-cubeide/stm32cubeide_1.9.0/stm32cubeide/plugins/com.st.stm32cube.ide.mcu.externaltools.gnu-tools-for-stm32.10.3-2021.10.win32_1.0.0.202111181127/tools/bin/../lib/gcc/arm-none-eabi/10.3.1/../../../../arm-none-eabi/lib/thumb/v7e-m+fp/hard/crt0.o
LOAD ./Core/Src/gpio.o
LOAD ./Core/Src/i2c.o
LOAD ./Core/Src/i2s.o
LOAD ./Core/Src/main.o
LOAD ./Core/Src/spi.o
LOAD ./Core/Src/stm32f4xx_hal_msp.o
LOAD ./Core/Src/stm32f4xx_it.o
LOAD ./Core/Src/syscalls.o
LOAD ./Core/Src/sysmem.o
LOAD ./Core/Src/system_stm32f4xx.o
LOAD ./Core/Startup/startup_stm32f407vgtx.o
LOAD ./Drivers/STM32F4xx_HAL_Driver/Src/stm32f4xx_hal.o
LOAD ./Drivers/STM32F4xx_HAL_Driver/Src/stm32f4xx_hal_cortex.o
LOAD ./Drivers/STM32F4xx_HAL_Driver/Src/stm32f4xx_hal_dma.o
LOAD ./Drivers/STM32F4xx_HAL_Driver/Src/stm32f4xx_hal_dma_ex.o
LOAD ./Drivers/STM32F4xx_HAL_Driver/Src/stm32f4xx_hal_exti.o
LOAD ./Drivers/STM32F4xx_HAL_Driver/Src/stm32f4xx_hal_flash.o
LOAD ./Drivers/STM32F4xx_HAL_Driver/Src/stm32f4xx_hal_flash_ex.o
LOAD ./Drivers/STM32F4xx_HAL_Driver/Src/stm32f4xx_hal_flash_ramfunc.o
LOAD ./Drivers/STM32F4xx_HAL_Driver/Src/stm32f4xx_hal_gpio.o
LOAD ./Drivers/STM32F4xx_HAL_Driver/Src/stm32f4xx_hal_i2c.o
LOAD ./Drivers/STM32F4xx_HAL_Driver/Src/stm32f4xx_hal_i2c_ex.o
LOAD ./Drivers/STM32F4xx_HAL_Driver/Src/stm32f4xx_hal_i2s.o
LOAD ./Drivers/STM32F4xx_HAL_Driver/Src/stm32f4xx_hal_i2s_ex.o
LOAD ./Drivers/STM32F4xx_HAL_Driver/Src/stm32f4xx_hal_pcd.o
LOAD ./Drivers/STM32F4xx_HAL_Driver/Src/stm32f4xx_hal_pcd_ex.o
LOAD ./Drivers/STM32F4xx_HAL_Driver/Src/stm32f4xx_hal_pwr.o
LOAD ./Drivers/STM32F4xx_HAL_Driver/Src/stm32f4xx_hal_pwr_ex.o
LOAD ./Drivers/STM32F4xx_HAL_Driver/Src/stm32f4xx_hal_rcc.o
LOAD ./Drivers/STM32F4xx_HAL_Driver/Src/stm32f4xx_hal_rcc_ex.o
LOAD ./Drivers/STM32F4xx_HAL_Driver/Src/stm32f4xx_hal_spi.o
LOAD ./Drivers/STM32F4xx_HAL_Driver/Src/stm32f4xx_hal_tim.o
LOAD ./Drivers/STM32F4xx_HAL_Driver/Src/stm32f4xx_hal_tim_ex.o
LOAD ./Drivers/STM32F4xx_HAL_Driver/Src/stm32f4xx_ll_usb.o
LOAD ./Middlewares/ST/STM32_USB_Device_Library/Class/HID/Src/usbd_hid.o
LOAD ./Middlewares/ST/STM32_USB_Device_Library/Core/Src/usbd_core.o
LOAD ./Middlewares/ST/STM32_USB_Device_Library/Core/Src/usbd_ctlreq.o
LOAD ./Middlewares/ST/STM32_USB_Device_Library/Core/Src/usbd_ioreq.o
LOAD ./USB_DEVICE/App/usb_device.o
LOAD ./USB_DEVICE/App/usbd_desc.o
LOAD ./USB_DEVICE/Target/usbd_conf.o
START GROUP
LOAD f:/fri_novssd/stm32-cubeide/stm32cubeide_1.9.0/stm32cubeide/plugins/com.st.stm32cube.ide.mcu.externaltools.gnu-tools-for-stm32.10.3-2021.10.win32_1.0.0.202111181127/tools/bin/../lib/gcc/arm-none-eabi/10.3.1/../../../../arm-none-eabi/lib/thumb/v7e-m+fp/hard\libc_nano.a
LOAD f:/fri_novssd/stm32-cubeide/stm32cubeide_1.9.0/stm32cubeide/plugins/com.st.stm32cube.ide.mcu.externaltools.gnu-tools-for-stm32.10.3-2021.10.win32_1.0.0.202111181127/tools/bin/../lib/gcc/arm-none-eabi/10.3.1/../../../../arm-none-eabi/lib/thumb/v7e-m+fp/hard\libm.a
END GROUP
START GROUP
LOAD f:/fri_novssd/stm32-cubeide/stm32cubeide_1.9.0/stm32cubeide/plugins/com.st.stm32cube.ide.mcu.externaltools.gnu-tools-for-stm32.10.3-2021.10.win32_1.0.0.202111181127/tools/bin/../lib/gcc/arm-none-eabi/10.3.1/thumb/v7e-m+fp/hard\libgcc.a
LOAD f:/fri_novssd/stm32-cubeide/stm32cubeide_1.9.0/stm32cubeide/plugins/com.st.stm32cube.ide.mcu.externaltools.gnu-tools-for-stm32.10.3-2021.10.win32_1.0.0.202111181127/tools/bin/../lib/gcc/arm-none-eabi/10.3.1/../../../../arm-none-eabi/lib/thumb/v7e-m+fp/hard\libc_nano.a
END GROUP
START GROUP
LOAD f:/fri_novssd/stm32-cubeide/stm32cubeide_1.9.0/stm32cubeide/plugins/com.st.stm32cube.ide.mcu.externaltools.gnu-tools-for-stm32.10.3-2021.10.win32_1.0.0.202111181127/tools/bin/../lib/gcc/arm-none-eabi/10.3.1/thumb/v7e-m+fp/hard\libgcc.a
LOAD f:/fri_novssd/stm32-cubeide/stm32cubeide_1.9.0/stm32cubeide/plugins/com.st.stm32cube.ide.mcu.externaltools.gnu-tools-for-stm32.10.3-2021.10.win32_1.0.0.202111181127/tools/bin/../lib/gcc/arm-none-eabi/10.3.1/../../../../arm-none-eabi/lib/thumb/v7e-m+fp/hard\libc_nano.a
LOAD f:/fri_novssd/stm32-cubeide/stm32cubeide_1.9.0/stm32cubeide/plugins/com.st.stm32cube.ide.mcu.externaltools.gnu-tools-for-stm32.10.3-2021.10.win32_1.0.0.202111181127/tools/bin/../lib/gcc/arm-none-eabi/10.3.1/../../../../arm-none-eabi/lib/thumb/v7e-m+fp/hard\libnosys.a
END GROUP
START GROUP
LOAD f:/fri_novssd/stm32-cubeide/stm32cubeide_1.9.0/stm32cubeide/plugins/com.st.stm32cube.ide.mcu.externaltools.gnu-tools-for-stm32.10.3-2021.10.win32_1.0.0.202111181127/tools/bin/../lib/gcc/arm-none-eabi/10.3.1/thumb/v7e-m+fp/hard\libgcc.a
LOAD f:/fri_novssd/stm32-cubeide/stm32cubeide_1.9.0/stm32cubeide/plugins/com.st.stm32cube.ide.mcu.externaltools.gnu-tools-for-stm32.10.3-2021.10.win32_1.0.0.202111181127/tools/bin/../lib/gcc/arm-none-eabi/10.3.1/../../../../arm-none-eabi/lib/thumb/v7e-m+fp/hard\libc_nano.a
LOAD f:/fri_novssd/stm32-cubeide/stm32cubeide_1.9.0/stm32cubeide/plugins/com.st.stm32cube.ide.mcu.externaltools.gnu-tools-for-stm32.10.3-2021.10.win32_1.0.0.202111181127/tools/bin/../lib/gcc/arm-none-eabi/10.3.1/../../../../arm-none-eabi/lib/thumb/v7e-m+fp/hard\libnosys.a
END GROUP
LOAD f:/fri_novssd/stm32-cubeide/stm32cubeide_1.9.0/stm32cubeide/plugins/com.st.stm32cube.ide.mcu.externaltools.gnu-tools-for-stm32.10.3-2021.10.win32_1.0.0.202111181127/tools/bin/../lib/gcc/arm-none-eabi/10.3.1/thumb/v7e-m+fp/hard/crtend.o
LOAD f:/fri_novssd/stm32-cubeide/stm32cubeide_1.9.0/stm32cubeide/plugins/com.st.stm32cube.ide.mcu.externaltools.gnu-tools-for-stm32.10.3-2021.10.win32_1.0.0.202111181127/tools/bin/../lib/gcc/arm-none-eabi/10.3.1/thumb/v7e-m+fp/hard/crtn.o
                0x0000000020020000                _estack = (ORIGIN (RAM) + LENGTH (RAM))
                0x0000000000000200                _Min_Heap_Size = 0x200
                0x0000000000000400                _Min_Stack_Size = 0x400

.isr_vector     0x0000000008000000      0x188
                0x0000000008000000                . = ALIGN (0x4)
 *(.isr_vector)
 .isr_vector    0x0000000008000000      0x188 ./Core/Startup/startup_stm32f407vgtx.o
                0x0000000008000000                g_pfnVectors
                0x0000000008000188                . = ALIGN (0x4)

.text           0x0000000008000188     0x842c
                0x0000000008000188                . = ALIGN (0x4)
 *(.text)
 .text          0x0000000008000188       0x40 f:/fri_novssd/stm32-cubeide/stm32cubeide_1.9.0/stm32cubeide/plugins/com.st.stm32cube.ide.mcu.externaltools.gnu-tools-for-stm32.10.3-2021.10.win32_1.0.0.202111181127/tools/bin/../lib/gcc/arm-none-eabi/10.3.1/thumb/v7e-m+fp/hard/crtbegin.o
 .text          0x00000000080001c8       0x30 f:/fri_novssd/stm32-cubeide/stm32cubeide_1.9.0/stm32cubeide/plugins/com.st.stm32cube.ide.mcu.externaltools.gnu-tools-for-stm32.10.3-2021.10.win32_1.0.0.202111181127/tools/bin/../lib/gcc/arm-none-eabi/10.3.1/thumb/v7e-m+fp/hard\libgcc.a(_aeabi_uldivmod.o)
                0x00000000080001c8                __aeabi_uldivmod
 .text          0x00000000080001f8      0x2d0 f:/fri_novssd/stm32-cubeide/stm32cubeide_1.9.0/stm32cubeide/plugins/com.st.stm32cube.ide.mcu.externaltools.gnu-tools-for-stm32.10.3-2021.10.win32_1.0.0.202111181127/tools/bin/../lib/gcc/arm-none-eabi/10.3.1/thumb/v7e-m+fp/hard\libgcc.a(_udivmoddi4.o)
                0x00000000080001f8                __udivmoddi4
 .text          0x00000000080004c8        0x4 f:/fri_novssd/stm32-cubeide/stm32cubeide_1.9.0/stm32cubeide/plugins/com.st.stm32cube.ide.mcu.externaltools.gnu-tools-for-stm32.10.3-2021.10.win32_1.0.0.202111181127/tools/bin/../lib/gcc/arm-none-eabi/10.3.1/thumb/v7e-m+fp/hard\libgcc.a(_dvmd_tls.o)
                0x00000000080004c8                __aeabi_idiv0
                0x00000000080004c8                __aeabi_ldiv0
 *(.text*)
 .text.MX_GPIO_Init
                0x00000000080004cc      0x210 ./Core/Src/gpio.o
                0x00000000080004cc                MX_GPIO_Init
 .text.MX_I2C1_Init
                0x00000000080006dc       0x5c ./Core/Src/i2c.o
                0x00000000080006dc                MX_I2C1_Init
 .text.HAL_I2C_MspInit
                0x0000000008000738       0x90 ./Core/Src/i2c.o
                0x0000000008000738                HAL_I2C_MspInit
 .text.MX_I2S3_Init
                0x00000000080007c8       0x60 ./Core/Src/i2s.o
                0x00000000080007c8                MX_I2S3_Init
 .text.HAL_I2S_MspInit
                0x0000000008000828      0x100 ./Core/Src/i2s.o
                0x0000000008000828                HAL_I2S_MspInit
 .text.Adxl_Calibrate
                0x0000000008000928      0x144 ./Core/Src/main.o
                0x0000000008000928                Adxl_Calibrate
 .text.HAL_GPIO_EXTI_Callback
                0x0000000008000a6c       0x28 ./Core/Src/main.o
                0x0000000008000a6c                HAL_GPIO_EXTI_Callback
 .text.main     0x0000000008000a94      0x2e8 ./Core/Src/main.o
                0x0000000008000a94                main
 .text.SystemClock_Config
                0x0000000008000d7c       0xd4 ./Core/Src/main.o
                0x0000000008000d7c                SystemClock_Config
 .text.Error_Handler
                0x0000000008000e50        0xa ./Core/Src/main.o
                0x0000000008000e50                Error_Handler
 *fill*         0x0000000008000e5a        0x2 
 .text.MX_SPI1_Init
                0x0000000008000e5c       0x6c ./Core/Src/spi.o
                0x0000000008000e5c                MX_SPI1_Init
 .text.HAL_SPI_MspInit
                0x0000000008000ec8       0x90 ./Core/Src/spi.o
                0x0000000008000ec8                HAL_SPI_MspInit
 .text.HAL_MspInit
                0x0000000008000f58       0x50 ./Core/Src/stm32f4xx_hal_msp.o
                0x0000000008000f58                HAL_MspInit
 .text.NMI_Handler
                0x0000000008000fa8        0x6 ./Core/Src/stm32f4xx_it.o
                0x0000000008000fa8                NMI_Handler
 .text.HardFault_Handler
                0x0000000008000fae        0x6 ./Core/Src/stm32f4xx_it.o
                0x0000000008000fae                HardFault_Handler
 .text.MemManage_Handler
                0x0000000008000fb4        0x6 ./Core/Src/stm32f4xx_it.o
                0x0000000008000fb4                MemManage_Handler
 .text.BusFault_Handler
                0x0000000008000fba        0x6 ./Core/Src/stm32f4xx_it.o
                0x0000000008000fba                BusFault_Handler
 .text.UsageFault_Handler
                0x0000000008000fc0        0x6 ./Core/Src/stm32f4xx_it.o
                0x0000000008000fc0                UsageFault_Handler
 .text.SVC_Handler
                0x0000000008000fc6        0xe ./Core/Src/stm32f4xx_it.o
                0x0000000008000fc6                SVC_Handler
 .text.DebugMon_Handler
                0x0000000008000fd4        0xe ./Core/Src/stm32f4xx_it.o
                0x0000000008000fd4                DebugMon_Handler
 .text.PendSV_Handler
                0x0000000008000fe2        0xe ./Core/Src/stm32f4xx_it.o
                0x0000000008000fe2                PendSV_Handler
 .text.SysTick_Handler
                0x0000000008000ff0        0xc ./Core/Src/stm32f4xx_it.o
                0x0000000008000ff0                SysTick_Handler
 .text.EXTI0_IRQHandler
                0x0000000008000ffc        0xe ./Core/Src/stm32f4xx_it.o
                0x0000000008000ffc                EXTI0_IRQHandler
 *fill*         0x000000000800100a        0x2 
 .text.OTG_FS_IRQHandler
                0x000000000800100c       0x14 ./Core/Src/stm32f4xx_it.o
                0x000000000800100c                OTG_FS_IRQHandler
 .text.SystemInit
                0x0000000008001020       0x24 ./Core/Src/system_stm32f4xx.o
                0x0000000008001020                SystemInit
 .text.Reset_Handler
                0x0000000008001044       0x50 ./Core/Startup/startup_stm32f407vgtx.o
                0x0000000008001044                Reset_Handler
 .text.Default_Handler
                0x0000000008001094        0x2 ./Core/Startup/startup_stm32f407vgtx.o
                0x0000000008001094                RTC_Alarm_IRQHandler
                0x0000000008001094                HASH_RNG_IRQHandler
                0x0000000008001094                EXTI2_IRQHandler
                0x0000000008001094                TIM8_CC_IRQHandler
                0x0000000008001094                TIM1_CC_IRQHandler
                0x0000000008001094                DMA2_Stream5_IRQHandler
                0x0000000008001094                DMA1_Stream5_IRQHandler
                0x0000000008001094                PVD_IRQHandler
                0x0000000008001094                SDIO_IRQHandler
                0x0000000008001094                TAMP_STAMP_IRQHandler
                0x0000000008001094                CAN2_RX1_IRQHandler
                0x0000000008001094                EXTI3_IRQHandler
                0x0000000008001094                TIM8_TRG_COM_TIM14_IRQHandler
                0x0000000008001094                TIM1_UP_TIM10_IRQHandler
                0x0000000008001094                TIM8_UP_TIM13_IRQHandler
                0x0000000008001094                I2C3_ER_IRQHandler
                0x0000000008001094                I2C2_EV_IRQHandler
                0x0000000008001094                DMA1_Stream2_IRQHandler
                0x0000000008001094                CAN1_RX0_IRQHandler
                0x0000000008001094                FPU_IRQHandler
                0x0000000008001094                OTG_HS_WKUP_IRQHandler
                0x0000000008001094                CAN2_SCE_IRQHandler
                0x0000000008001094                DMA2_Stream2_IRQHandler
                0x0000000008001094                SPI1_IRQHandler
                0x0000000008001094                TIM6_DAC_IRQHandler
                0x0000000008001094                TIM1_BRK_TIM9_IRQHandler
                0x0000000008001094                DCMI_IRQHandler
                0x0000000008001094                CAN2_RX0_IRQHandler
                0x0000000008001094                DMA2_Stream3_IRQHandler
                0x0000000008001094                USART6_IRQHandler
                0x0000000008001094                USART3_IRQHandler
                0x0000000008001094                CAN1_RX1_IRQHandler
                0x0000000008001094                UART5_IRQHandler
                0x0000000008001094                DMA2_Stream0_IRQHandler
                0x0000000008001094                TIM4_IRQHandler
                0x0000000008001094                I2C1_EV_IRQHandler
                0x0000000008001094                DMA1_Stream6_IRQHandler
                0x0000000008001094                DMA1_Stream1_IRQHandler
                0x0000000008001094                UART4_IRQHandler
                0x0000000008001094                TIM3_IRQHandler
                0x0000000008001094                RCC_IRQHandler
                0x0000000008001094                TIM8_BRK_TIM12_IRQHandler
                0x0000000008001094                Default_Handler
                0x0000000008001094                EXTI15_10_IRQHandler
                0x0000000008001094                ADC_IRQHandler
                0x0000000008001094                DMA1_Stream7_IRQHandler
                0x0000000008001094                TIM7_IRQHandler
                0x0000000008001094                CAN2_TX_IRQHandler
                0x0000000008001094                TIM5_IRQHandler
                0x0000000008001094                DMA2_Stream7_IRQHandler
                0x0000000008001094                I2C3_EV_IRQHandler
                0x0000000008001094                EXTI9_5_IRQHandler
                0x0000000008001094                RTC_WKUP_IRQHandler
                0x0000000008001094                ETH_WKUP_IRQHandler
                0x0000000008001094                SPI2_IRQHandler
                0x0000000008001094                OTG_HS_EP1_IN_IRQHandler
                0x0000000008001094                DMA1_Stream0_IRQHandler
                0x0000000008001094                CAN1_TX_IRQHandler
                0x0000000008001094                EXTI4_IRQHandler
                0x0000000008001094                FSMC_IRQHandler
                0x0000000008001094                ETH_IRQHandler
                0x0000000008001094                OTG_HS_EP1_OUT_IRQHandler
                0x0000000008001094                WWDG_IRQHandler
                0x0000000008001094                TIM2_IRQHandler
                0x0000000008001094                OTG_FS_WKUP_IRQHandler
                0x0000000008001094                TIM1_TRG_COM_TIM11_IRQHandler
                0x0000000008001094                OTG_HS_IRQHandler
                0x0000000008001094                EXTI1_IRQHandler
                0x0000000008001094                USART2_IRQHandler
                0x0000000008001094                I2C2_ER_IRQHandler
                0x0000000008001094                DMA2_Stream1_IRQHandler
                0x0000000008001094                CAN1_SCE_IRQHandler
                0x0000000008001094                FLASH_IRQHandler
                0x0000000008001094                DMA2_Stream4_IRQHandler
                0x0000000008001094                USART1_IRQHandler
                0x0000000008001094                SPI3_IRQHandler
                0x0000000008001094                DMA1_Stream4_IRQHandler
                0x0000000008001094                I2C1_ER_IRQHandler
                0x0000000008001094                DMA2_Stream6_IRQHandler
                0x0000000008001094                DMA1_Stream3_IRQHandler
 *fill*         0x0000000008001096        0x2 
 .text.HAL_Init
                0x0000000008001098       0x44 ./Drivers/STM32F4xx_HAL_Driver/Src/stm32f4xx_hal.o
                0x0000000008001098                HAL_Init
 .text.HAL_InitTick
                0x00000000080010dc       0x60 ./Drivers/STM32F4xx_HAL_Driver/Src/stm32f4xx_hal.o
                0x00000000080010dc                HAL_InitTick
 .text.HAL_IncTick
                0x000000000800113c       0x28 ./Drivers/STM32F4xx_HAL_Driver/Src/stm32f4xx_hal.o
                0x000000000800113c                HAL_IncTick
 .text.HAL_GetTick
                0x0000000008001164       0x18 ./Drivers/STM32F4xx_HAL_Driver/Src/stm32f4xx_hal.o
                0x0000000008001164                HAL_GetTick
 .text.HAL_Delay
                0x000000000800117c       0x48 ./Drivers/STM32F4xx_HAL_Driver/Src/stm32f4xx_hal.o
                0x000000000800117c                HAL_Delay
 .text.__NVIC_SetPriorityGrouping
                0x00000000080011c4       0x48 ./Drivers/STM32F4xx_HAL_Driver/Src/stm32f4xx_hal_cortex.o
 .text.__NVIC_GetPriorityGrouping
                0x000000000800120c       0x1c ./Drivers/STM32F4xx_HAL_Driver/Src/stm32f4xx_hal_cortex.o
 .text.__NVIC_EnableIRQ
                0x0000000008001228       0x3c ./Drivers/STM32F4xx_HAL_Driver/Src/stm32f4xx_hal_cortex.o
 .text.__NVIC_SetPriority
                0x0000000008001264       0x54 ./Drivers/STM32F4xx_HAL_Driver/Src/stm32f4xx_hal_cortex.o
 .text.NVIC_EncodePriority
                0x00000000080012b8       0x66 ./Drivers/STM32F4xx_HAL_Driver/Src/stm32f4xx_hal_cortex.o
 *fill*         0x000000000800131e        0x2 
 .text.SysTick_Config
                0x0000000008001320       0x44 ./Drivers/STM32F4xx_HAL_Driver/Src/stm32f4xx_hal_cortex.o
 .text.HAL_NVIC_SetPriorityGrouping
                0x0000000008001364       0x16 ./Drivers/STM32F4xx_HAL_Driver/Src/stm32f4xx_hal_cortex.o
                0x0000000008001364                HAL_NVIC_SetPriorityGrouping
 .text.HAL_NVIC_SetPriority
                0x000000000800137a       0x38 ./Drivers/STM32F4xx_HAL_Driver/Src/stm32f4xx_hal_cortex.o
                0x000000000800137a                HAL_NVIC_SetPriority
 .text.HAL_NVIC_EnableIRQ
                0x00000000080013b2       0x1c ./Drivers/STM32F4xx_HAL_Driver/Src/stm32f4xx_hal_cortex.o
                0x00000000080013b2                HAL_NVIC_EnableIRQ
 .text.HAL_SYSTICK_Config
                0x00000000080013ce       0x18 ./Drivers/STM32F4xx_HAL_Driver/Src/stm32f4xx_hal_cortex.o
                0x00000000080013ce                HAL_SYSTICK_Config
 *fill*         0x00000000080013e6        0x2 
 .text.HAL_GPIO_Init
                0x00000000080013e8      0x338 ./Drivers/STM32F4xx_HAL_Driver/Src/stm32f4xx_hal_gpio.o
                0x00000000080013e8                HAL_GPIO_Init
 .text.HAL_GPIO_ReadPin
                0x0000000008001720       0x30 ./Drivers/STM32F4xx_HAL_Driver/Src/stm32f4xx_hal_gpio.o
                0x0000000008001720                HAL_GPIO_ReadPin
 .text.HAL_GPIO_WritePin
                0x0000000008001750       0x32 ./Drivers/STM32F4xx_HAL_Driver/Src/stm32f4xx_hal_gpio.o
                0x0000000008001750                HAL_GPIO_WritePin
 *fill*         0x0000000008001782        0x2 
 .text.HAL_GPIO_EXTI_IRQHandler
                0x0000000008001784       0x30 ./Drivers/STM32F4xx_HAL_Driver/Src/stm32f4xx_hal_gpio.o
                0x0000000008001784                HAL_GPIO_EXTI_IRQHandler
 .text.HAL_I2C_Init
                0x00000000080017b4      0x288 ./Drivers/STM32F4xx_HAL_Driver/Src/stm32f4xx_hal_i2c.o
                0x00000000080017b4                HAL_I2C_Init
 .text.HAL_I2S_Init
                0x0000000008001a3c      0x280 ./Drivers/STM32F4xx_HAL_Driver/Src/stm32f4xx_hal_i2s.o
                0x0000000008001a3c                HAL_I2S_Init
 .text.HAL_I2S_TxCpltCallback
                0x0000000008001cbc       0x14 ./Drivers/STM32F4xx_HAL_Driver/Src/stm32f4xx_hal_i2s.o
                0x0000000008001cbc                HAL_I2S_TxCpltCallback
 .text.HAL_I2S_RxCpltCallback
                0x0000000008001cd0       0x14 ./Drivers/STM32F4xx_HAL_Driver/Src/stm32f4xx_hal_i2s.o
                0x0000000008001cd0                HAL_I2S_RxCpltCallback
 .text.HAL_I2S_ErrorCallback
                0x0000000008001ce4       0x14 ./Drivers/STM32F4xx_HAL_Driver/Src/stm32f4xx_hal_i2s.o
                0x0000000008001ce4                HAL_I2S_ErrorCallback
 .text.I2S_Transmit_IT
                0x0000000008001cf8       0x5c ./Drivers/STM32F4xx_HAL_Driver/Src/stm32f4xx_hal_i2s.o
 .text.I2S_Receive_IT
                0x0000000008001d54       0x5e ./Drivers/STM32F4xx_HAL_Driver/Src/stm32f4xx_hal_i2s.o
 .text.I2S_IRQHandler
                0x0000000008001db2      0x114 ./Drivers/STM32F4xx_HAL_Driver/Src/stm32f4xx_hal_i2s.o
 *fill*         0x0000000008001ec6        0x2 
 .text.HAL_I2SEx_FullDuplex_IRQHandler
                0x0000000008001ec8      0x2a8 ./Drivers/STM32F4xx_HAL_Driver/Src/stm32f4xx_hal_i2s_ex.o
                0x0000000008001ec8                HAL_I2SEx_FullDuplex_IRQHandler
 .text.HAL_I2SEx_TxRxCpltCallback
                0x0000000008002170       0x14 ./Drivers/STM32F4xx_HAL_Driver/Src/stm32f4xx_hal_i2s_ex.o
                0x0000000008002170                HAL_I2SEx_TxRxCpltCallback
 .text.I2SEx_TxISR_I2S
                0x0000000008002184       0x62 ./Drivers/STM32F4xx_HAL_Driver/Src/stm32f4xx_hal_i2s_ex.o
 *fill*         0x00000000080021e6        0x2 
 .text.I2SEx_TxISR_I2SExt
                0x00000000080021e8       0x98 ./Drivers/STM32F4xx_HAL_Driver/Src/stm32f4xx_hal_i2s_ex.o
 .text.I2SEx_RxISR_I2S
                0x0000000008002280       0x64 ./Drivers/STM32F4xx_HAL_Driver/Src/stm32f4xx_hal_i2s_ex.o
 .text.I2SEx_RxISR_I2SExt
                0x00000000080022e4       0x98 ./Drivers/STM32F4xx_HAL_Driver/Src/stm32f4xx_hal_i2s_ex.o
 .text.HAL_PCD_Init
                0x000000000800237c      0x23a ./Drivers/STM32F4xx_HAL_Driver/Src/stm32f4xx_hal_pcd.o
                0x000000000800237c                HAL_PCD_Init
 .text.HAL_PCD_Start
                0x00000000080025b6       0x66 ./Drivers/STM32F4xx_HAL_Driver/Src/stm32f4xx_hal_pcd.o
                0x00000000080025b6                HAL_PCD_Start
 .text.HAL_PCD_IRQHandler
                0x000000000800261c      0x93e ./Drivers/STM32F4xx_HAL_Driver/Src/stm32f4xx_hal_pcd.o
                0x000000000800261c                HAL_PCD_IRQHandler
 .text.HAL_PCD_SetAddress
                0x0000000008002f5a       0x4a ./Drivers/STM32F4xx_HAL_Driver/Src/stm32f4xx_hal_pcd.o
                0x0000000008002f5a                HAL_PCD_SetAddress
 .text.HAL_PCD_EP_Open
                0x0000000008002fa4       0xd0 ./Drivers/STM32F4xx_HAL_Driver/Src/stm32f4xx_hal_pcd.o
                0x0000000008002fa4                HAL_PCD_EP_Open
 .text.HAL_PCD_EP_Close
                0x0000000008003074       0x94 ./Drivers/STM32F4xx_HAL_Driver/Src/stm32f4xx_hal_pcd.o
                0x0000000008003074                HAL_PCD_EP_Close
 .text.HAL_PCD_EP_Receive
                0x0000000008003108       0x96 ./Drivers/STM32F4xx_HAL_Driver/Src/stm32f4xx_hal_pcd.o
                0x0000000008003108                HAL_PCD_EP_Receive
 .text.HAL_PCD_EP_Transmit
                0x000000000800319e       0x94 ./Drivers/STM32F4xx_HAL_Driver/Src/stm32f4xx_hal_pcd.o
                0x000000000800319e                HAL_PCD_EP_Transmit
 .text.HAL_PCD_EP_SetStall
                0x0000000008003232       0xc8 ./Drivers/STM32F4xx_HAL_Driver/Src/stm32f4xx_hal_pcd.o
                0x0000000008003232                HAL_PCD_EP_SetStall
 .text.HAL_PCD_EP_ClrStall
                0x00000000080032fa       0xac ./Drivers/STM32F4xx_HAL_Driver/Src/stm32f4xx_hal_pcd.o
                0x00000000080032fa                HAL_PCD_EP_ClrStall
 .text.HAL_PCD_EP_Abort
                0x00000000080033a6       0x62 ./Drivers/STM32F4xx_HAL_Driver/Src/stm32f4xx_hal_pcd.o
                0x00000000080033a6                HAL_PCD_EP_Abort
 .text.PCD_WriteEmptyTxFifo
                0x0000000008003408      0x11a ./Drivers/STM32F4xx_HAL_Driver/Src/stm32f4xx_hal_pcd.o
 *fill*         0x0000000008003522        0x2 
 .text.PCD_EP_OutXfrComplete_int
                0x0000000008003524      0x1d0 ./Drivers/STM32F4xx_HAL_Driver/Src/stm32f4xx_hal_pcd.o
 .text.PCD_EP_OutSetupPacket_int
                0x00000000080036f4       0x8c ./Drivers/STM32F4xx_HAL_Driver/Src/stm32f4xx_hal_pcd.o
 .text.HAL_PCDEx_SetTxFiFo
                0x0000000008003780       0x8e ./Drivers/STM32F4xx_HAL_Driver/Src/stm32f4xx_hal_pcd_ex.o
                0x0000000008003780                HAL_PCDEx_SetTxFiFo
 .text.HAL_PCDEx_SetRxFiFo
                0x000000000800380e       0x22 ./Drivers/STM32F4xx_HAL_Driver/Src/stm32f4xx_hal_pcd_ex.o
                0x000000000800380e                HAL_PCDEx_SetRxFiFo
 .text.HAL_PCDEx_LPM_Callback
                0x0000000008003830       0x18 ./Drivers/STM32F4xx_HAL_Driver/Src/stm32f4xx_hal_pcd_ex.o
                0x0000000008003830                HAL_PCDEx_LPM_Callback
 .text.HAL_RCC_OscConfig
                0x0000000008003848      0x4f0 ./Drivers/STM32F4xx_HAL_Driver/Src/stm32f4xx_hal_rcc.o
                0x0000000008003848                HAL_RCC_OscConfig
 .text.HAL_RCC_ClockConfig
                0x0000000008003d38      0x1cc ./Drivers/STM32F4xx_HAL_Driver/Src/stm32f4xx_hal_rcc.o
                0x0000000008003d38                HAL_RCC_ClockConfig
 .text.HAL_RCC_GetSysClockFreq
                0x0000000008003f04      0x20c ./Drivers/STM32F4xx_HAL_Driver/Src/stm32f4xx_hal_rcc.o
                0x0000000008003f04                HAL_RCC_GetSysClockFreq
 .text.HAL_RCC_GetHCLKFreq
                0x0000000008004110       0x18 ./Drivers/STM32F4xx_HAL_Driver/Src/stm32f4xx_hal_rcc.o
                0x0000000008004110                HAL_RCC_GetHCLKFreq
 .text.HAL_RCC_GetPCLK1Freq
                0x0000000008004128       0x28 ./Drivers/STM32F4xx_HAL_Driver/Src/stm32f4xx_hal_rcc.o
                0x0000000008004128                HAL_RCC_GetPCLK1Freq
 .text.HAL_RCCEx_PeriphCLKConfig
                0x0000000008004150      0x1c4 ./Drivers/STM32F4xx_HAL_Driver/Src/stm32f4xx_hal_rcc_ex.o
                0x0000000008004150                HAL_RCCEx_PeriphCLKConfig
 .text.HAL_RCCEx_GetPeriphCLKFreq
                0x0000000008004314       0xbc ./Drivers/STM32F4xx_HAL_Driver/Src/stm32f4xx_hal_rcc_ex.o
                0x0000000008004314                HAL_RCCEx_GetPeriphCLKFreq
 .text.HAL_SPI_Init
                0x00000000080043d0      0x112 ./Drivers/STM32F4xx_HAL_Driver/Src/stm32f4xx_hal_spi.o
                0x00000000080043d0                HAL_SPI_Init
 .text.HAL_SPI_TransmitReceive
                0x00000000080044e2      0x344 ./Drivers/STM32F4xx_HAL_Driver/Src/stm32f4xx_hal_spi.o
                0x00000000080044e2                HAL_SPI_TransmitReceive
 *fill*         0x0000000008004826        0x2 
 .text.SPI_WaitFlagStateUntilTimeout
                0x0000000008004828      0x110 ./Drivers/STM32F4xx_HAL_Driver/Src/stm32f4xx_hal_spi.o
 .text.SPI_EndRxTxTransaction
                0x0000000008004938       0x84 ./Drivers/STM32F4xx_HAL_Driver/Src/stm32f4xx_hal_spi.o
 .text.USB_CoreInit
                0x00000000080049bc       0xc2 ./Drivers/STM32F4xx_HAL_Driver/Src/stm32f4xx_ll_usb.o
                0x00000000080049bc                USB_CoreInit
 *fill*         0x0000000008004a7e        0x2 
 .text.USB_SetTurnaroundTime
                0x0000000008004a80      0x144 ./Drivers/STM32F4xx_HAL_Driver/Src/stm32f4xx_ll_usb.o
                0x0000000008004a80                USB_SetTurnaroundTime
 .text.USB_EnableGlobalInt
                0x0000000008004bc4       0x22 ./Drivers/STM32F4xx_HAL_Driver/Src/stm32f4xx_ll_usb.o
                0x0000000008004bc4                USB_EnableGlobalInt
 .text.USB_DisableGlobalInt
                0x0000000008004be6       0x22 ./Drivers/STM32F4xx_HAL_Driver/Src/stm32f4xx_ll_usb.o
                0x0000000008004be6                USB_DisableGlobalInt
 .text.USB_SetCurrentMode
                0x0000000008004c08       0x98 ./Drivers/STM32F4xx_HAL_Driver/Src/stm32f4xx_ll_usb.o
                0x0000000008004c08                USB_SetCurrentMode
 .text.USB_DevInit
                0x0000000008004ca0      0x2c8 ./Drivers/STM32F4xx_HAL_Driver/Src/stm32f4xx_ll_usb.o
                0x0000000008004ca0                USB_DevInit
 .text.USB_FlushTxFifo
                0x0000000008004f68       0x68 ./Drivers/STM32F4xx_HAL_Driver/Src/stm32f4xx_ll_usb.o
                0x0000000008004f68                USB_FlushTxFifo
 .text.USB_FlushRxFifo
                0x0000000008004fd0       0x60 ./Drivers/STM32F4xx_HAL_Driver/Src/stm32f4xx_ll_usb.o
                0x0000000008004fd0                USB_FlushRxFifo
 .text.USB_SetDevSpeed
                0x0000000008005030       0x32 ./Drivers/STM32F4xx_HAL_Driver/Src/stm32f4xx_ll_usb.o
                0x0000000008005030                USB_SetDevSpeed
 .text.USB_GetDevSpeed
                0x0000000008005062       0x4a ./Drivers/STM32F4xx_HAL_Driver/Src/stm32f4xx_ll_usb.o
                0x0000000008005062                USB_GetDevSpeed
 .text.USB_ActivateEndpoint
                0x00000000080050ac      0x10e ./Drivers/STM32F4xx_HAL_Driver/Src/stm32f4xx_ll_usb.o
                0x00000000080050ac                USB_ActivateEndpoint
 *fill*         0x00000000080051ba        0x2 
 .text.USB_DeactivateEndpoint
                0x00000000080051bc      0x1b8 ./Drivers/STM32F4xx_HAL_Driver/Src/stm32f4xx_ll_usb.o
                0x00000000080051bc                USB_DeactivateEndpoint
 .text.USB_EPStartXfer
                0x0000000008005374      0x490 ./Drivers/STM32F4xx_HAL_Driver/Src/stm32f4xx_ll_usb.o
                0x0000000008005374                USB_EPStartXfer
 .text.USB_EP0StartXfer
                0x0000000008005804      0x2b0 ./Drivers/STM32F4xx_HAL_Driver/Src/stm32f4xx_ll_usb.o
                0x0000000008005804                USB_EP0StartXfer
 .text.USB_EPStopXfer
                0x0000000008005ab4      0x154 ./Drivers/STM32F4xx_HAL_Driver/Src/stm32f4xx_ll_usb.o
                0x0000000008005ab4                USB_EPStopXfer
 .text.USB_WritePacket
                0x0000000008005c08       0x7c ./Drivers/STM32F4xx_HAL_Driver/Src/stm32f4xx_ll_usb.o
                0x0000000008005c08                USB_WritePacket
 .text.USB_ReadPacket
                0x0000000008005c84       0xb0 ./Drivers/STM32F4xx_HAL_Driver/Src/stm32f4xx_ll_usb.o
                0x0000000008005c84                USB_ReadPacket
 .text.USB_EPSetStall
                0x0000000008005d34       0xdc ./Drivers/STM32F4xx_HAL_Driver/Src/stm32f4xx_ll_usb.o
                0x0000000008005d34                USB_EPSetStall
 .text.USB_EPClearStall
                0x0000000008005e10       0xcc ./Drivers/STM32F4xx_HAL_Driver/Src/stm32f4xx_ll_usb.o
                0x0000000008005e10                USB_EPClearStall
 .text.USB_SetDevAddress
                0x0000000008005edc       0x4c ./Drivers/STM32F4xx_HAL_Driver/Src/stm32f4xx_ll_usb.o
                0x0000000008005edc                USB_SetDevAddress
 .text.USB_DevConnect
                0x0000000008005f28       0x42 ./Drivers/STM32F4xx_HAL_Driver/Src/stm32f4xx_ll_usb.o
                0x0000000008005f28                USB_DevConnect
 .text.USB_DevDisconnect
                0x0000000008005f6a       0x42 ./Drivers/STM32F4xx_HAL_Driver/Src/stm32f4xx_ll_usb.o
                0x0000000008005f6a                USB_DevDisconnect
 .text.USB_ReadInterrupts
                0x0000000008005fac       0x26 ./Drivers/STM32F4xx_HAL_Driver/Src/stm32f4xx_ll_usb.o
                0x0000000008005fac                USB_ReadInterrupts
 .text.USB_ReadDevAllOutEpInterrupt
                0x0000000008005fd2       0x34 ./Drivers/STM32F4xx_HAL_Driver/Src/stm32f4xx_ll_usb.o
                0x0000000008005fd2                USB_ReadDevAllOutEpInterrupt
 .text.USB_ReadDevAllInEpInterrupt
                0x0000000008006006       0x34 ./Drivers/STM32F4xx_HAL_Driver/Src/stm32f4xx_ll_usb.o
                0x0000000008006006                USB_ReadDevAllInEpInterrupt
 .text.USB_ReadDevOutEPInterrupt
                0x000000000800603a       0x3c ./Drivers/STM32F4xx_HAL_Driver/Src/stm32f4xx_ll_usb.o
                0x000000000800603a                USB_ReadDevOutEPInterrupt
 .text.USB_ReadDevInEPInterrupt
                0x0000000008006076       0x5c ./Drivers/STM32F4xx_HAL_Driver/Src/stm32f4xx_ll_usb.o
                0x0000000008006076                USB_ReadDevInEPInterrupt
 .text.USB_GetMode
                0x00000000080060d2       0x1c ./Drivers/STM32F4xx_HAL_Driver/Src/stm32f4xx_ll_usb.o
                0x00000000080060d2                USB_GetMode
 .text.USB_ActivateSetup
                0x00000000080060ee       0x46 ./Drivers/STM32F4xx_HAL_Driver/Src/stm32f4xx_ll_usb.o
                0x00000000080060ee                USB_ActivateSetup
 .text.USB_EP0_OutStart
                0x0000000008006134       0xbc ./Drivers/STM32F4xx_HAL_Driver/Src/stm32f4xx_ll_usb.o
                0x0000000008006134                USB_EP0_OutStart
 .text.USB_CoreReset
                0x00000000080061f0       0x68 ./Drivers/STM32F4xx_HAL_Driver/Src/stm32f4xx_ll_usb.o
 .text.USBD_HID_Init
                0x0000000008006258       0xcc ./Middlewares/ST/STM32_USB_Device_Library/Class/HID/Src/usbd_hid.o
 .text.USBD_HID_DeInit
                0x0000000008006324       0x90 ./Middlewares/ST/STM32_USB_Device_Library/Class/HID/Src/usbd_hid.o
 .text.USBD_HID_Setup
                0x00000000080063b4      0x210 ./Middlewares/ST/STM32_USB_Device_Library/Class/HID/Src/usbd_hid.o
 .text.USBD_HID_SendReport
                0x00000000080065c4       0x60 ./Middlewares/ST/STM32_USB_Device_Library/Class/HID/Src/usbd_hid.o
                0x00000000080065c4                USBD_HID_SendReport
 .text.USBD_HID_GetFSCfgDesc
                0x0000000008006624       0x34 ./Middlewares/ST/STM32_USB_Device_Library/Class/HID/Src/usbd_hid.o
 .text.USBD_HID_GetHSCfgDesc
                0x0000000008006658       0x34 ./Middlewares/ST/STM32_USB_Device_Library/Class/HID/Src/usbd_hid.o
 .text.USBD_HID_GetOtherSpeedCfgDesc
                0x000000000800668c       0x34 ./Middlewares/ST/STM32_USB_Device_Library/Class/HID/Src/usbd_hid.o
 .text.USBD_HID_DataIn
                0x00000000080066c0       0x2c ./Middlewares/ST/STM32_USB_Device_Library/Class/HID/Src/usbd_hid.o
 .text.USBD_HID_GetDeviceQualifierDesc
                0x00000000080066ec       0x20 ./Middlewares/ST/STM32_USB_Device_Library/Class/HID/Src/usbd_hid.o
 .text.USBD_Init
                0x000000000800670c       0x60 ./Middlewares/ST/STM32_USB_Device_Library/Core/Src/usbd_core.o
                0x000000000800670c                USBD_Init
 .text.USBD_RegisterClass
                0x000000000800676c       0x6c ./Middlewares/ST/STM32_USB_Device_Library/Core/Src/usbd_core.o
                0x000000000800676c                USBD_RegisterClass
 .text.USBD_Start
                0x00000000080067d8       0x18 ./Middlewares/ST/STM32_USB_Device_Library/Core/Src/usbd_core.o
                0x00000000080067d8                USBD_Start
 .text.USBD_RunTestMode
                0x00000000080067f0       0x16 ./Middlewares/ST/STM32_USB_Device_Library/Core/Src/usbd_core.o
                0x00000000080067f0                USBD_RunTestMode
 .text.USBD_SetClassConfig
                0x0000000008006806       0x38 ./Middlewares/ST/STM32_USB_Device_Library/Core/Src/usbd_core.o
                0x0000000008006806                USBD_SetClassConfig
 .text.USBD_ClrClassConfig
                0x000000000800683e       0x34 ./Middlewares/ST/STM32_USB_Device_Library/Core/Src/usbd_core.o
                0x000000000800683e                USBD_ClrClassConfig
 .text.USBD_LL_SetupStage
                0x0000000008006872       0xaa ./Middlewares/ST/STM32_USB_Device_Library/Core/Src/usbd_core.o
                0x0000000008006872                USBD_LL_SetupStage
 .text.USBD_LL_DataOutStage
                0x000000000800691c      0x166 ./Middlewares/ST/STM32_USB_Device_Library/Core/Src/usbd_core.o
                0x000000000800691c                USBD_LL_DataOutStage
 .text.USBD_LL_DataInStage
                0x0000000008006a82      0x164 ./Middlewares/ST/STM32_USB_Device_Library/Core/Src/usbd_core.o
                0x0000000008006a82                USBD_LL_DataInStage
 .text.USBD_LL_Reset
                0x0000000008006be6       0xa4 ./Middlewares/ST/STM32_USB_Device_Library/Core/Src/usbd_core.o
                0x0000000008006be6                USBD_LL_Reset
 .text.USBD_LL_SetSpeed
                0x0000000008006c8a       0x20 ./Middlewares/ST/STM32_USB_Device_Library/Core/Src/usbd_core.o
                0x0000000008006c8a                USBD_LL_SetSpeed
 .text.USBD_LL_Suspend
                0x0000000008006caa       0x2c ./Middlewares/ST/STM32_USB_Device_Library/Core/Src/usbd_core.o
                0x0000000008006caa                USBD_LL_Suspend
 .text.USBD_LL_Resume
                0x0000000008006cd6       0x30 ./Middlewares/ST/STM32_USB_Device_Library/Core/Src/usbd_core.o
                0x0000000008006cd6                USBD_LL_Resume
 .text.USBD_LL_SOF
                0x0000000008006d06       0x40 ./Middlewares/ST/STM32_USB_Device_Library/Core/Src/usbd_core.o
                0x0000000008006d06                USBD_LL_SOF
 .text.USBD_LL_IsoINIncomplete
                0x0000000008006d46       0x64 ./Middlewares/ST/STM32_USB_Device_Library/Core/Src/usbd_core.o
                0x0000000008006d46                USBD_LL_IsoINIncomplete
 .text.USBD_LL_IsoOUTIncomplete
                0x0000000008006daa       0x64 ./Middlewares/ST/STM32_USB_Device_Library/Core/Src/usbd_core.o
                0x0000000008006daa                USBD_LL_IsoOUTIncomplete
 .text.USBD_LL_DevConnected
                0x0000000008006e0e       0x16 ./Middlewares/ST/STM32_USB_Device_Library/Core/Src/usbd_core.o
                0x0000000008006e0e                USBD_LL_DevConnected
 .text.USBD_LL_DevDisconnected
                0x0000000008006e24       0x46 ./Middlewares/ST/STM32_USB_Device_Library/Core/Src/usbd_core.o
                0x0000000008006e24                USBD_LL_DevDisconnected
 .text.USBD_CoreFindIF
                0x0000000008006e6a       0x1a ./Middlewares/ST/STM32_USB_Device_Library/Core/Src/usbd_core.o
                0x0000000008006e6a                USBD_CoreFindIF
 .text.USBD_CoreFindEP
                0x0000000008006e84       0x1a ./Middlewares/ST/STM32_USB_Device_Library/Core/Src/usbd_core.o
                0x0000000008006e84                USBD_CoreFindEP
 .text.USBD_GetEpDesc
                0x0000000008006e9e       0x74 ./Middlewares/ST/STM32_USB_Device_Library/Core/Src/usbd_core.o
                0x0000000008006e9e                USBD_GetEpDesc
 .text.USBD_GetNextDesc
                0x0000000008006f12       0x3a ./Middlewares/ST/STM32_USB_Device_Library/Core/Src/usbd_core.o
                0x0000000008006f12                USBD_GetNextDesc
 .text.SWAPBYTE
                0x0000000008006f4c       0x3c ./Middlewares/ST/STM32_USB_Device_Library/Core/Src/usbd_ctlreq.o
 .text.USBD_StdDevReq
                0x0000000008006f88       0xe4 ./Middlewares/ST/STM32_USB_Device_Library/Core/Src/usbd_ctlreq.o
                0x0000000008006f88                USBD_StdDevReq
 .text.USBD_StdItfReq
                0x000000000800706c       0xd8 ./Middlewares/ST/STM32_USB_Device_Library/Core/Src/usbd_ctlreq.o
                0x000000000800706c                USBD_StdItfReq
 .text.USBD_StdEPReq
                0x0000000008007144      0x33a ./Middlewares/ST/STM32_USB_Device_Library/Core/Src/usbd_ctlreq.o
                0x0000000008007144                USBD_StdEPReq
 *fill*         0x000000000800747e        0x2 
 .text.USBD_GetDescriptor
                0x0000000008007480      0x2d4 ./Middlewares/ST/STM32_USB_Device_Library/Core/Src/usbd_ctlreq.o
 .text.USBD_SetAddress
                0x0000000008007754       0x88 ./Middlewares/ST/STM32_USB_Device_Library/Core/Src/usbd_ctlreq.o
 .text.USBD_SetConfig
                0x00000000080077dc      0x154 ./Middlewares/ST/STM32_USB_Device_Library/Core/Src/usbd_ctlreq.o
 .text.USBD_GetConfig
                0x0000000008007930       0x6c ./Middlewares/ST/STM32_USB_Device_Library/Core/Src/usbd_ctlreq.o
 .text.USBD_GetStatus
                0x000000000800799c       0x68 ./Middlewares/ST/STM32_USB_Device_Library/Core/Src/usbd_ctlreq.o
 .text.USBD_SetFeature
                0x0000000008007a04       0x52 ./Middlewares/ST/STM32_USB_Device_Library/Core/Src/usbd_ctlreq.o
 .text.USBD_ClrFeature
                0x0000000008007a56       0x44 ./Middlewares/ST/STM32_USB_Device_Library/Core/Src/usbd_ctlreq.o
 .text.USBD_ParseSetupRequest
                0x0000000008007a9a       0x74 ./Middlewares/ST/STM32_USB_Device_Library/Core/Src/usbd_ctlreq.o
                0x0000000008007a9a                USBD_ParseSetupRequest
 .text.USBD_CtlError
                0x0000000008007b0e       0x22 ./Middlewares/ST/STM32_USB_Device_Library/Core/Src/usbd_ctlreq.o
                0x0000000008007b0e                USBD_CtlError
 .text.USBD_GetString
                0x0000000008007b30       0x8c ./Middlewares/ST/STM32_USB_Device_Library/Core/Src/usbd_ctlreq.o
                0x0000000008007b30                USBD_GetString
 .text.USBD_GetLen
                0x0000000008007bbc       0x34 ./Middlewares/ST/STM32_USB_Device_Library/Core/Src/usbd_ctlreq.o
 .text.USBD_CtlSendData
                0x0000000008007bf0       0x36 ./Middlewares/ST/STM32_USB_Device_Library/Core/Src/usbd_ioreq.o
                0x0000000008007bf0                USBD_CtlSendData
 .text.USBD_CtlContinueSendData
                0x0000000008007c26       0x22 ./Middlewares/ST/STM32_USB_Device_Library/Core/Src/usbd_ioreq.o
                0x0000000008007c26                USBD_CtlContinueSendData
 .text.USBD_CtlContinueRx
                0x0000000008007c48       0x22 ./Middlewares/ST/STM32_USB_Device_Library/Core/Src/usbd_ioreq.o
                0x0000000008007c48                USBD_CtlContinueRx
 .text.USBD_CtlSendStatus
                0x0000000008007c6a       0x26 ./Middlewares/ST/STM32_USB_Device_Library/Core/Src/usbd_ioreq.o
                0x0000000008007c6a                USBD_CtlSendStatus
 .text.USBD_CtlReceiveStatus
                0x0000000008007c90       0x26 ./Middlewares/ST/STM32_USB_Device_Library/Core/Src/usbd_ioreq.o
                0x0000000008007c90                USBD_CtlReceiveStatus
 *fill*         0x0000000008007cb6        0x2 
 .text.MX_USB_DEVICE_Init
                0x0000000008007cb8       0x4c ./USB_DEVICE/App/usb_device.o
                0x0000000008007cb8                MX_USB_DEVICE_Init
 .text.USBD_FS_DeviceDescriptor
                0x0000000008007d04       0x24 ./USB_DEVICE/App/usbd_desc.o
                0x0000000008007d04                USBD_FS_DeviceDescriptor
 .text.USBD_FS_LangIDStrDescriptor
                0x0000000008007d28       0x24 ./USB_DEVICE/App/usbd_desc.o
                0x0000000008007d28                USBD_FS_LangIDStrDescriptor
 .text.USBD_FS_ProductStrDescriptor
                0x0000000008007d4c       0x3c ./USB_DEVICE/App/usbd_desc.o
                0x0000000008007d4c                USBD_FS_ProductStrDescriptor
 .text.USBD_FS_ManufacturerStrDescriptor
                0x0000000008007d88       0x28 ./USB_DEVICE/App/usbd_desc.o
                0x0000000008007d88                USBD_FS_ManufacturerStrDescriptor
 .text.USBD_FS_SerialStrDescriptor
                0x0000000008007db0       0x24 ./USB_DEVICE/App/usbd_desc.o
                0x0000000008007db0                USBD_FS_SerialStrDescriptor
 .text.USBD_FS_ConfigStrDescriptor
                0x0000000008007dd4       0x3c ./USB_DEVICE/App/usbd_desc.o
                0x0000000008007dd4                USBD_FS_ConfigStrDescriptor
 .text.USBD_FS_InterfaceStrDescriptor
                0x0000000008007e10       0x3c ./USB_DEVICE/App/usbd_desc.o
                0x0000000008007e10                USBD_FS_InterfaceStrDescriptor
 .text.Get_SerialNum
                0x0000000008007e4c       0x58 ./USB_DEVICE/App/usbd_desc.o
 .text.IntToUnicode
                0x0000000008007ea4       0x7e ./USB_DEVICE/App/usbd_desc.o
 *fill*         0x0000000008007f22        0x2 
 .text.HAL_PCD_MspInit
                0x0000000008007f24       0xc4 ./USB_DEVICE/Target/usbd_conf.o
                0x0000000008007f24                HAL_PCD_MspInit
 .text.HAL_PCD_SetupStageCallback
                0x0000000008007fe8       0x24 ./USB_DEVICE/Target/usbd_conf.o
                0x0000000008007fe8                HAL_PCD_SetupStageCallback
 .text.HAL_PCD_DataOutStageCallback
                0x000000000800800c       0x36 ./USB_DEVICE/Target/usbd_conf.o
                0x000000000800800c                HAL_PCD_DataOutStageCallback
 .text.HAL_PCD_DataInStageCallback
                0x0000000008008042       0x34 ./USB_DEVICE/Target/usbd_conf.o
                0x0000000008008042                HAL_PCD_DataInStageCallback
 .text.HAL_PCD_SOFCallback
                0x0000000008008076       0x1c ./USB_DEVICE/Target/usbd_conf.o
                0x0000000008008076                HAL_PCD_SOFCallback
 .text.HAL_PCD_ResetCallback
                0x0000000008008092       0x50 ./USB_DEVICE/Target/usbd_conf.o
                0x0000000008008092                HAL_PCD_ResetCallback
 *fill*         0x00000000080080e2        0x2 
 .text.HAL_PCD_SuspendCallback
                0x00000000080080e4       0x4c ./USB_DEVICE/Target/usbd_conf.o
                0x00000000080080e4                HAL_PCD_SuspendCallback
 .text.HAL_PCD_ResumeCallback
                0x0000000008008130       0x1c ./USB_DEVICE/Target/usbd_conf.o
                0x0000000008008130                HAL_PCD_ResumeCallback
 .text.HAL_PCD_ISOOUTIncompleteCallback
                0x000000000800814c       0x24 ./USB_DEVICE/Target/usbd_conf.o
                0x000000000800814c                HAL_PCD_ISOOUTIncompleteCallback
 .text.HAL_PCD_ISOINIncompleteCallback
                0x0000000008008170       0x24 ./USB_DEVICE/Target/usbd_conf.o
                0x0000000008008170                HAL_PCD_ISOINIncompleteCallback
 .text.HAL_PCD_ConnectCallback
                0x0000000008008194       0x1c ./USB_DEVICE/Target/usbd_conf.o
                0x0000000008008194                HAL_PCD_ConnectCallback
 .text.HAL_PCD_DisconnectCallback
                0x00000000080081b0       0x1c ./USB_DEVICE/Target/usbd_conf.o
                0x00000000080081b0                HAL_PCD_DisconnectCallback
 .text.USBD_LL_Init
                0x00000000080081cc       0x98 ./USB_DEVICE/Target/usbd_conf.o
                0x00000000080081cc                USBD_LL_Init
 .text.USBD_LL_Start
                0x0000000008008264       0x36 ./USB_DEVICE/Target/usbd_conf.o
                0x0000000008008264                USBD_LL_Start
 .text.USBD_LL_OpenEP
                0x000000000800829a       0x4c ./USB_DEVICE/Target/usbd_conf.o
                0x000000000800829a                USBD_LL_OpenEP
 .text.USBD_LL_CloseEP
                0x00000000080082e6       0x3e ./USB_DEVICE/Target/usbd_conf.o
                0x00000000080082e6                USBD_LL_CloseEP
 .text.USBD_LL_StallEP
                0x0000000008008324       0x3e ./USB_DEVICE/Target/usbd_conf.o
                0x0000000008008324                USBD_LL_StallEP
 .text.USBD_LL_ClearStallEP
                0x0000000008008362       0x3e ./USB_DEVICE/Target/usbd_conf.o
                0x0000000008008362                USBD_LL_ClearStallEP
 .text.USBD_LL_IsStallEP
                0x00000000080083a0       0x58 ./USB_DEVICE/Target/usbd_conf.o
                0x00000000080083a0                USBD_LL_IsStallEP
 .text.USBD_LL_SetUSBAddress
                0x00000000080083f8       0x3e ./USB_DEVICE/Target/usbd_conf.o
                0x00000000080083f8                USBD_LL_SetUSBAddress
 .text.USBD_LL_Transmit
                0x0000000008008436       0x42 ./USB_DEVICE/Target/usbd_conf.o
                0x0000000008008436                USBD_LL_Transmit
 .text.USBD_LL_PrepareReceive
                0x0000000008008478       0x42 ./USB_DEVICE/Target/usbd_conf.o
                0x0000000008008478                USBD_LL_PrepareReceive
 *fill*         0x00000000080084ba        0x2 
 .text.USBD_static_malloc
                0x00000000080084bc       0x1c ./USB_DEVICE/Target/usbd_conf.o
                0x00000000080084bc                USBD_static_malloc
 .text.USBD_static_free
                0x00000000080084d8       0x14 ./USB_DEVICE/Target/usbd_conf.o
                0x00000000080084d8                USBD_static_free
 .text.USBD_Get_USB_Status
                0x00000000080084ec       0x58 ./USB_DEVICE/Target/usbd_conf.o
                0x00000000080084ec                USBD_Get_USB_Status
 .text.__libc_init_array
                0x0000000008008544       0x48 f:/fri_novssd/stm32-cubeide/stm32cubeide_1.9.0/stm32cubeide/plugins/com.st.stm32cube.ide.mcu.externaltools.gnu-tools-for-stm32.10.3-2021.10.win32_1.0.0.202111181127/tools/bin/../lib/gcc/arm-none-eabi/10.3.1/../../../../arm-none-eabi/lib/thumb/v7e-m+fp/hard\libc_nano.a(lib_a-init.o)
                0x0000000008008544                __libc_init_array
 .text.memset   0x000000000800858c       0x10 f:/fri_novssd/stm32-cubeide/stm32cubeide_1.9.0/stm32cubeide/plugins/com.st.stm32cube.ide.mcu.externaltools.gnu-tools-for-stm32.10.3-2021.10.win32_1.0.0.202111181127/tools/bin/../lib/gcc/arm-none-eabi/10.3.1/../../../../arm-none-eabi/lib/thumb/v7e-m+fp/hard\libc_nano.a(lib_a-memset.o)
                0x000000000800858c                memset
 *(.glue_7)
 .glue_7        0x000000000800859c        0x0 linker stubs
 *(.glue_7t)
 .glue_7t       0x000000000800859c        0x0 linker stubs
 *(.eh_frame)
 .eh_frame      0x000000000800859c        0x0 f:/fri_novssd/stm32-cubeide/stm32cubeide_1.9.0/stm32cubeide/plugins/com.st.stm32cube.ide.mcu.externaltools.gnu-tools-for-stm32.10.3-2021.10.win32_1.0.0.202111181127/tools/bin/../lib/gcc/arm-none-eabi/10.3.1/thumb/v7e-m+fp/hard/crtbegin.o
 *(.init)
 .init          0x000000000800859c        0x4 f:/fri_novssd/stm32-cubeide/stm32cubeide_1.9.0/stm32cubeide/plugins/com.st.stm32cube.ide.mcu.externaltools.gnu-tools-for-stm32.10.3-2021.10.win32_1.0.0.202111181127/tools/bin/../lib/gcc/arm-none-eabi/10.3.1/thumb/v7e-m+fp/hard/crti.o
                0x000000000800859c                _init
 .init          0x00000000080085a0        0x8 f:/fri_novssd/stm32-cubeide/stm32cubeide_1.9.0/stm32cubeide/plugins/com.st.stm32cube.ide.mcu.externaltools.gnu-tools-for-stm32.10.3-2021.10.win32_1.0.0.202111181127/tools/bin/../lib/gcc/arm-none-eabi/10.3.1/thumb/v7e-m+fp/hard/crtn.o
 *(.fini)
 .fini          0x00000000080085a8        0x4 f:/fri_novssd/stm32-cubeide/stm32cubeide_1.9.0/stm32cubeide/plugins/com.st.stm32cube.ide.mcu.externaltools.gnu-tools-for-stm32.10.3-2021.10.win32_1.0.0.202111181127/tools/bin/../lib/gcc/arm-none-eabi/10.3.1/thumb/v7e-m+fp/hard/crti.o
                0x00000000080085a8                _fini
 .fini          0x00000000080085ac        0x8 f:/fri_novssd/stm32-cubeide/stm32cubeide_1.9.0/stm32cubeide/plugins/com.st.stm32cube.ide.mcu.externaltools.gnu-tools-for-stm32.10.3-2021.10.win32_1.0.0.202111181127/tools/bin/../lib/gcc/arm-none-eabi/10.3.1/thumb/v7e-m+fp/hard/crtn.o
                0x00000000080085b4                . = ALIGN (0x4)
                0x00000000080085b4                _etext = .

.vfp11_veneer   0x00000000080085b4        0x0
 .vfp11_veneer  0x00000000080085b4        0x0 linker stubs

.v4_bx          0x00000000080085b4        0x0
 .v4_bx         0x00000000080085b4        0x0 linker stubs

.iplt           0x00000000080085b4        0x0
 .iplt          0x00000000080085b4        0x0 f:/fri_novssd/stm32-cubeide/stm32cubeide_1.9.0/stm32cubeide/plugins/com.st.stm32cube.ide.mcu.externaltools.gnu-tools-for-stm32.10.3-2021.10.win32_1.0.0.202111181127/tools/bin/../lib/gcc/arm-none-eabi/10.3.1/thumb/v7e-m+fp/hard/crtbegin.o

.rodata         0x00000000080085b4       0x5c
                0x00000000080085b4                . = ALIGN (0x4)
 *(.rodata)
 .rodata        0x00000000080085b4       0x42 ./USB_DEVICE/App/usbd_desc.o
 *(.rodata*)
 *fill*         0x00000000080085f6        0x2 
 .rodata.AHBPrescTable
                0x00000000080085f8       0x10 ./Core/Src/system_stm32f4xx.o
                0x00000000080085f8                AHBPrescTable
 .rodata.APBPrescTable
                0x0000000008008608        0x8 ./Core/Src/system_stm32f4xx.o
                0x0000000008008608                APBPrescTable
                0x0000000008008610                . = ALIGN (0x4)

.ARM.extab      0x0000000008008610        0x0
                0x0000000008008610                . = ALIGN (0x4)
 *(.ARM.extab* .gnu.linkonce.armextab.*)
                0x0000000008008610                . = ALIGN (0x4)

.ARM            0x0000000008008610        0x8
                0x0000000008008610                . = ALIGN (0x4)
                0x0000000008008610                __exidx_start = .
 *(.ARM.exidx*)
 .ARM.exidx     0x0000000008008610        0x8 f:/fri_novssd/stm32-cubeide/stm32cubeide_1.9.0/stm32cubeide/plugins/com.st.stm32cube.ide.mcu.externaltools.gnu-tools-for-stm32.10.3-2021.10.win32_1.0.0.202111181127/tools/bin/../lib/gcc/arm-none-eabi/10.3.1/thumb/v7e-m+fp/hard\libgcc.a(_udivmoddi4.o)
                0x0000000008008618                __exidx_end = .
                0x0000000008008618                . = ALIGN (0x4)

.rel.dyn        0x0000000008008618        0x0
 .rel.iplt      0x0000000008008618        0x0 f:/fri_novssd/stm32-cubeide/stm32cubeide_1.9.0/stm32cubeide/plugins/com.st.stm32cube.ide.mcu.externaltools.gnu-tools-for-stm32.10.3-2021.10.win32_1.0.0.202111181127/tools/bin/../lib/gcc/arm-none-eabi/10.3.1/thumb/v7e-m+fp/hard/crtbegin.o

.preinit_array  0x0000000008008618        0x0
                0x0000000008008618                . = ALIGN (0x4)
                0x0000000008008618                PROVIDE (__preinit_array_start = .)
 *(.preinit_array*)
                0x0000000008008618                PROVIDE (__preinit_array_end = .)
                0x0000000008008618                . = ALIGN (0x4)

.init_array     0x0000000008008618        0x4
                0x0000000008008618                . = ALIGN (0x4)
                0x0000000008008618                PROVIDE (__init_array_start = .)
 *(SORT_BY_NAME(.init_array.*))
 *(.init_array*)
 .init_array    0x0000000008008618        0x4 f:/fri_novssd/stm32-cubeide/stm32cubeide_1.9.0/stm32cubeide/plugins/com.st.stm32cube.ide.mcu.externaltools.gnu-tools-for-stm32.10.3-2021.10.win32_1.0.0.202111181127/tools/bin/../lib/gcc/arm-none-eabi/10.3.1/thumb/v7e-m+fp/hard/crtbegin.o
                0x000000000800861c                PROVIDE (__init_array_end = .)
                0x000000000800861c                . = ALIGN (0x4)

.fini_array     0x000000000800861c        0x4
                0x000000000800861c                . = ALIGN (0x4)
                [!provide]                        PROVIDE (__fini_array_start = .)
 *(SORT_BY_NAME(.fini_array.*))
 *(.fini_array*)
 .fini_array    0x000000000800861c        0x4 f:/fri_novssd/stm32-cubeide/stm32cubeide_1.9.0/stm32cubeide/plugins/com.st.stm32cube.ide.mcu.externaltools.gnu-tools-for-stm32.10.3-2021.10.win32_1.0.0.202111181127/tools/bin/../lib/gcc/arm-none-eabi/10.3.1/thumb/v7e-m+fp/hard/crtbegin.o
                [!provide]                        PROVIDE (__fini_array_end = .)
                0x0000000008008620                . = ALIGN (0x4)
                0x0000000008008620                _sidata = LOADADDR (.data)

.data           0x0000000020000000      0x124 load address 0x0000000008008620
                0x0000000020000000                . = ALIGN (0x4)
                0x0000000020000000                _sdata = .
 *(.data)
 *(.data*)
 .data.min_xval
                0x0000000020000000        0x2 ./Core/Src/main.o
                0x0000000020000000                min_xval
 .data.max_xval
                0x0000000020000002        0x2 ./Core/Src/main.o
                0x0000000020000002                max_xval
 .data.min_yval
                0x0000000020000004        0x2 ./Core/Src/main.o
                0x0000000020000004                min_yval
 .data.max_yval
                0x0000000020000006        0x2 ./Core/Src/main.o
                0x0000000020000006                max_yval
 .data.SystemCoreClock
                0x0000000020000008        0x4 ./Core/Src/system_stm32f4xx.o
                0x0000000020000008                SystemCoreClock
 .data.uwTickPrio
                0x000000002000000c        0x4 ./Drivers/STM32F4xx_HAL_Driver/Src/stm32f4xx_hal.o
                0x000000002000000c                uwTickPrio
 .data.uwTickFreq
                0x0000000020000010        0x1 ./Drivers/STM32F4xx_HAL_Driver/Src/stm32f4xx_hal.o
                0x0000000020000010                uwTickFreq
 *fill*         0x0000000020000011        0x3 
 .data.USBD_HID
                0x0000000020000014       0x38 ./Middlewares/ST/STM32_USB_Device_Library/Class/HID/Src/usbd_hid.o
                0x0000000020000014                USBD_HID
 .data.USBD_HID_CfgDesc
                0x000000002000004c       0x22 ./Middlewares/ST/STM32_USB_Device_Library/Class/HID/Src/usbd_hid.o
 *fill*         0x000000002000006e        0x2 
 .data.USBD_HID_Desc
                0x0000000020000070        0x9 ./Middlewares/ST/STM32_USB_Device_Library/Class/HID/Src/usbd_hid.o
 *fill*         0x0000000020000079        0x3 
 .data.USBD_HID_DeviceQualifierDesc
                0x000000002000007c        0xa ./Middlewares/ST/STM32_USB_Device_Library/Class/HID/Src/usbd_hid.o
 *fill*         0x0000000020000086        0x2 
 .data.HID_MOUSE_ReportDesc
                0x0000000020000088       0x4a ./Middlewares/ST/STM32_USB_Device_Library/Class/HID/Src/usbd_hid.o
 .data.HIDInEpAdd
                0x00000000200000d2        0x1 ./Middlewares/ST/STM32_USB_Device_Library/Class/HID/Src/usbd_hid.o
 *fill*         0x00000000200000d3        0x1 
 .data.FS_Desc  0x00000000200000d4       0x1c ./USB_DEVICE/App/usbd_desc.o
                0x00000000200000d4                FS_Desc
 .data.USBD_FS_DeviceDesc
                0x00000000200000f0       0x12 ./USB_DEVICE/App/usbd_desc.o
                0x00000000200000f0                USBD_FS_DeviceDesc
 *fill*         0x0000000020000102        0x2 
 .data.USBD_LangIDDesc
                0x0000000020000104        0x4 ./USB_DEVICE/App/usbd_desc.o
                0x0000000020000104                USBD_LangIDDesc
 .data.USBD_StringSerial
                0x0000000020000108       0x1a ./USB_DEVICE/App/usbd_desc.o
                0x0000000020000108                USBD_StringSerial
 *(.RamFunc)
 *(.RamFunc*)
                0x0000000020000124                . = ALIGN (0x4)
 *fill*         0x0000000020000122        0x2 
                0x0000000020000124                _edata = .
                0x0000000008008744                _siccmram = LOADADDR (.ccmram)

.igot.plt       0x0000000020000124        0x0 load address 0x0000000008008744
 .igot.plt      0x0000000020000124        0x0 f:/fri_novssd/stm32-cubeide/stm32cubeide_1.9.0/stm32cubeide/plugins/com.st.stm32cube.ide.mcu.externaltools.gnu-tools-for-stm32.10.3-2021.10.win32_1.0.0.202111181127/tools/bin/../lib/gcc/arm-none-eabi/10.3.1/thumb/v7e-m+fp/hard/crtbegin.o

.ccmram         0x0000000010000000        0x0 load address 0x0000000008008744
                0x0000000010000000                . = ALIGN (0x4)
                0x0000000010000000                _sccmram = .
 *(.ccmram)
 *(.ccmram*)
                0x0000000010000000                . = ALIGN (0x4)
                0x0000000010000000                _eccmram = .
                0x0000000010000000                . = ALIGN (0x4)

.bss            0x0000000020000124      0xb2c
                0x0000000020000124                _sbss = .
                0x0000000020000124                __bss_start__ = _sbss
 *(.bss)
 .bss           0x0000000020000124       0x1c f:/fri_novssd/stm32-cubeide/stm32cubeide_1.9.0/stm32cubeide/plugins/com.st.stm32cube.ide.mcu.externaltools.gnu-tools-for-stm32.10.3-2021.10.win32_1.0.0.202111181127/tools/bin/../lib/gcc/arm-none-eabi/10.3.1/thumb/v7e-m+fp/hard/crtbegin.o
 *(.bss*)
 .bss.hi2c1     0x0000000020000140       0x54 ./Core/Src/i2c.o
                0x0000000020000140                hi2c1
 .bss.hi2s3     0x0000000020000194       0x48 ./Core/Src/i2s.o
                0x0000000020000194                hi2s3
 .bss.KeyState  0x00000000200001dc        0x4 ./Core/Src/main.o
                0x00000000200001dc                KeyState
 .bss.indata    0x00000000200001e0        0x2 ./Core/Src/main.o
                0x00000000200001e0                indata
 *fill*         0x00000000200001e2        0x2 
 .bss.outdata   0x00000000200001e4        0x2 ./Core/Src/main.o
                0x00000000200001e4                outdata
 .bss.lis_id    0x00000000200001e6        0x1 ./Core/Src/main.o
                0x00000000200001e6                lis_id
 .bss.AccelX    0x00000000200001e7        0x1 ./Core/Src/main.o
                0x00000000200001e7                AccelX
 .bss.AccelY    0x00000000200001e8        0x1 ./Core/Src/main.o
                0x00000000200001e8                AccelY
 .bss.AccelZ    0x00000000200001e9        0x1 ./Core/Src/main.o
                0x00000000200001e9                AccelZ
 .bss.newxval   0x00000000200001ea        0x2 ./Core/Src/main.o
                0x00000000200001ea                newxval
 .bss.newyval   0x00000000200001ec        0x2 ./Core/Src/main.o
                0x00000000200001ec                newyval
 .bss.button_flag
                0x00000000200001ee        0x1 ./Core/Src/main.o
                0x00000000200001ee                button_flag
 *fill*         0x00000000200001ef        0x1 
 .bss.mousehid  0x00000000200001f0        0x4 ./Core/Src/main.o
                0x00000000200001f0                mousehid
 .bss.hspi1     0x00000000200001f4       0x58 ./Core/Src/spi.o
                0x00000000200001f4                hspi1
 .bss.uwTick    0x000000002000024c        0x4 ./Drivers/STM32F4xx_HAL_Driver/Src/stm32f4xx_hal.o
                0x000000002000024c                uwTick
 .bss.cfgidx.0  0x0000000020000250        0x1 ./Middlewares/ST/STM32_USB_Device_Library/Core/Src/usbd_ctlreq.o
 *fill*         0x0000000020000251        0x3 
 .bss.hUsbDeviceFS
                0x0000000020000254      0x2dc ./USB_DEVICE/App/usb_device.o
                0x0000000020000254                hUsbDeviceFS
 .bss.USBD_StrDesc
                0x0000000020000530      0x200 ./USB_DEVICE/App/usbd_desc.o
                0x0000000020000530                USBD_StrDesc
 .bss.hpcd_USB_OTG_FS
                0x0000000020000730      0x50c ./USB_DEVICE/Target/usbd_conf.o
                0x0000000020000730                hpcd_USB_OTG_FS
 .bss.mem.0     0x0000000020000c3c       0x14 ./USB_DEVICE/Target/usbd_conf.o
 *(COMMON)
                0x0000000020000c50                . = ALIGN (0x4)
                0x0000000020000c50                _ebss = .
                0x0000000020000c50                __bss_end__ = _ebss

._user_heap_stack
                0x0000000020000c50      0x600
                0x0000000020000c50                . = ALIGN (0x8)
                [!provide]                        PROVIDE (end = .)
                0x0000000020000c50                PROVIDE (_end = .)
                0x0000000020000e50                . = (. + _Min_Heap_Size)
 *fill*         0x0000000020000c50      0x200 
                0x0000000020001250                . = (. + _Min_Stack_Size)
 *fill*         0x0000000020000e50      0x400 
                0x0000000020001250                . = ALIGN (0x8)

/DISCARD/
 libc.a(*)
 libm.a(*)
 libgcc.a(*)

.ARM.attributes
                0x0000000000000000       0x30
 *(.ARM.attributes)
 .ARM.attributes
                0x0000000000000000       0x1e f:/fri_novssd/stm32-cubeide/stm32cubeide_1.9.0/stm32cubeide/plugins/com.st.stm32cube.ide.mcu.externaltools.gnu-tools-for-stm32.10.3-2021.10.win32_1.0.0.202111181127/tools/bin/../lib/gcc/arm-none-eabi/10.3.1/thumb/v7e-m+fp/hard/crti.o
 .ARM.attributes
                0x000000000000001e       0x34 f:/fri_novssd/stm32-cubeide/stm32cubeide_1.9.0/stm32cubeide/plugins/com.st.stm32cube.ide.mcu.externaltools.gnu-tools-for-stm32.10.3-2021.10.win32_1.0.0.202111181127/tools/bin/../lib/gcc/arm-none-eabi/10.3.1/thumb/v7e-m+fp/hard/crtbegin.o
 .ARM.attributes
                0x0000000000000052       0x34 ./Core/Src/gpio.o
 .ARM.attributes
                0x0000000000000086       0x34 ./Core/Src/i2c.o
 .ARM.attributes
                0x00000000000000ba       0x34 ./Core/Src/i2s.o
 .ARM.attributes
                0x00000000000000ee       0x34 ./Core/Src/main.o
 .ARM.attributes
                0x0000000000000122       0x34 ./Core/Src/spi.o
 .ARM.attributes
                0x0000000000000156       0x34 ./Core/Src/stm32f4xx_hal_msp.o
 .ARM.attributes
                0x000000000000018a       0x34 ./Core/Src/stm32f4xx_it.o
 .ARM.attributes
                0x00000000000001be       0x34 ./Core/Src/system_stm32f4xx.o
 .ARM.attributes
                0x00000000000001f2       0x21 ./Core/Startup/startup_stm32f407vgtx.o
 .ARM.attributes
                0x0000000000000213       0x34 ./Drivers/STM32F4xx_HAL_Driver/Src/stm32f4xx_hal.o
 .ARM.attributes
                0x0000000000000247       0x34 ./Drivers/STM32F4xx_HAL_Driver/Src/stm32f4xx_hal_cortex.o
 .ARM.attributes
                0x000000000000027b       0x34 ./Drivers/STM32F4xx_HAL_Driver/Src/stm32f4xx_hal_gpio.o
 .ARM.attributes
                0x00000000000002af       0x34 ./Drivers/STM32F4xx_HAL_Driver/Src/stm32f4xx_hal_i2c.o
 .ARM.attributes
                0x00000000000002e3       0x34 ./Drivers/STM32F4xx_HAL_Driver/Src/stm32f4xx_hal_i2s.o
 .ARM.attributes
                0x0000000000000317       0x34 ./Drivers/STM32F4xx_HAL_Driver/Src/stm32f4xx_hal_i2s_ex.o
 .ARM.attributes
                0x000000000000034b       0x34 ./Drivers/STM32F4xx_HAL_Driver/Src/stm32f4xx_hal_pcd.o
 .ARM.attributes
                0x000000000000037f       0x34 ./Drivers/STM32F4xx_HAL_Driver/Src/stm32f4xx_hal_pcd_ex.o
 .ARM.attributes
                0x00000000000003b3       0x34 ./Drivers/STM32F4xx_HAL_Driver/Src/stm32f4xx_hal_rcc.o
 .ARM.attributes
                0x00000000000003e7       0x34 ./Drivers/STM32F4xx_HAL_Driver/Src/stm32f4xx_hal_rcc_ex.o
 .ARM.attributes
                0x000000000000041b       0x34 ./Drivers/STM32F4xx_HAL_Driver/Src/stm32f4xx_hal_spi.o
 .ARM.attributes
                0x000000000000044f       0x34 ./Drivers/STM32F4xx_HAL_Driver/Src/stm32f4xx_ll_usb.o
 .ARM.attributes
                0x0000000000000483       0x34 ./Middlewares/ST/STM32_USB_Device_Library/Class/HID/Src/usbd_hid.o
 .ARM.attributes
                0x00000000000004b7       0x34 ./Middlewares/ST/STM32_USB_Device_Library/Core/Src/usbd_core.o
 .ARM.attributes
                0x00000000000004eb       0x34 ./Middlewares/ST/STM32_USB_Device_Library/Core/Src/usbd_ctlreq.o
 .ARM.attributes
                0x000000000000051f       0x34 ./Middlewares/ST/STM32_USB_Device_Library/Core/Src/usbd_ioreq.o
 .ARM.attributes
                0x0000000000000553       0x34 ./USB_DEVICE/App/usb_device.o
 .ARM.attributes
                0x0000000000000587       0x34 ./USB_DEVICE/App/usbd_desc.o
 .ARM.attributes
                0x00000000000005bb       0x34 ./USB_DEVICE/Target/usbd_conf.o
 .ARM.attributes
                0x00000000000005ef       0x34 f:/fri_novssd/stm32-cubeide/stm32cubeide_1.9.0/stm32cubeide/plugins/com.st.stm32cube.ide.mcu.externaltools.gnu-tools-for-stm32.10.3-2021.10.win32_1.0.0.202111181127/tools/bin/../lib/gcc/arm-none-eabi/10.3.1/../../../../arm-none-eabi/lib/thumb/v7e-m+fp/hard\libc_nano.a(lib_a-init.o)
 .ARM.attributes
                0x0000000000000623       0x34 f:/fri_novssd/stm32-cubeide/stm32cubeide_1.9.0/stm32cubeide/plugins/com.st.stm32cube.ide.mcu.externaltools.gnu-tools-for-stm32.10.3-2021.10.win32_1.0.0.202111181127/tools/bin/../lib/gcc/arm-none-eabi/10.3.1/../../../../arm-none-eabi/lib/thumb/v7e-m+fp/hard\libc_nano.a(lib_a-memset.o)
 .ARM.attributes
                0x0000000000000657       0x1e f:/fri_novssd/stm32-cubeide/stm32cubeide_1.9.0/stm32cubeide/plugins/com.st.stm32cube.ide.mcu.externaltools.gnu-tools-for-stm32.10.3-2021.10.win32_1.0.0.202111181127/tools/bin/../lib/gcc/arm-none-eabi/10.3.1/thumb/v7e-m+fp/hard\libgcc.a(_aeabi_uldivmod.o)
 .ARM.attributes
                0x0000000000000675       0x34 f:/fri_novssd/stm32-cubeide/stm32cubeide_1.9.0/stm32cubeide/plugins/com.st.stm32cube.ide.mcu.externaltools.gnu-tools-for-stm32.10.3-2021.10.win32_1.0.0.202111181127/tools/bin/../lib/gcc/arm-none-eabi/10.3.1/thumb/v7e-m+fp/hard\libgcc.a(_udivmoddi4.o)
 .ARM.attributes
                0x00000000000006a9       0x1e f:/fri_novssd/stm32-cubeide/stm32cubeide_1.9.0/stm32cubeide/plugins/com.st.stm32cube.ide.mcu.externaltools.gnu-tools-for-stm32.10.3-2021.10.win32_1.0.0.202111181127/tools/bin/../lib/gcc/arm-none-eabi/10.3.1/thumb/v7e-m+fp/hard\libgcc.a(_dvmd_tls.o)
 .ARM.attributes
                0x00000000000006c7       0x1e f:/fri_novssd/stm32-cubeide/stm32cubeide_1.9.0/stm32cubeide/plugins/com.st.stm32cube.ide.mcu.externaltools.gnu-tools-for-stm32.10.3-2021.10.win32_1.0.0.202111181127/tools/bin/../lib/gcc/arm-none-eabi/10.3.1/thumb/v7e-m+fp/hard/crtn.o
OUTPUT(STM32_F407G_MISKA_pospesevalniki.elf elf32-littlearm)
LOAD linker stubs
LOAD f:/fri_novssd/stm32-cubeide/stm32cubeide_1.9.0/stm32cubeide/plugins/com.st.stm32cube.ide.mcu.externaltools.gnu-tools-for-stm32.10.3-2021.10.win32_1.0.0.202111181127/tools/bin/../lib/gcc/arm-none-eabi/10.3.1/../../../../arm-none-eabi/lib/thumb/v7e-m+fp/hard\libc.a
LOAD f:/fri_novssd/stm32-cubeide/stm32cubeide_1.9.0/stm32cubeide/plugins/com.st.stm32cube.ide.mcu.externaltools.gnu-tools-for-stm32.10.3-2021.10.win32_1.0.0.202111181127/tools/bin/../lib/gcc/arm-none-eabi/10.3.1/../../../../arm-none-eabi/lib/thumb/v7e-m+fp/hard\libm.a
LOAD f:/fri_novssd/stm32-cubeide/stm32cubeide_1.9.0/stm32cubeide/plugins/com.st.stm32cube.ide.mcu.externaltools.gnu-tools-for-stm32.10.3-2021.10.win32_1.0.0.202111181127/tools/bin/../lib/gcc/arm-none-eabi/10.3.1/thumb/v7e-m+fp/hard\libgcc.a

.debug_info     0x0000000000000000    0x159e7
 .debug_info    0x0000000000000000      0x724 ./Core/Src/gpio.o
 .debug_info    0x0000000000000724      0xa0e ./Core/Src/i2c.o
 .debug_info    0x0000000000001132      0xa7b ./Core/Src/i2s.o
 .debug_info    0x0000000000001bad     0x12e1 ./Core/Src/main.o
 .debug_info    0x0000000000002e8e      0x9eb ./Core/Src/spi.o
 .debug_info    0x0000000000003879      0x2bb ./Core/Src/stm32f4xx_hal_msp.o
 .debug_info    0x0000000000003b34      0x674 ./Core/Src/stm32f4xx_it.o
 .debug_info    0x00000000000041a8      0x523 ./Core/Src/system_stm32f4xx.o
 .debug_info    0x00000000000046cb       0x22 ./Core/Startup/startup_stm32f407vgtx.o
 .debug_info    0x00000000000046ed      0x97c ./Drivers/STM32F4xx_HAL_Driver/Src/stm32f4xx_hal.o
 .debug_info    0x0000000000005069      0xe1b ./Drivers/STM32F4xx_HAL_Driver/Src/stm32f4xx_hal_cortex.o
 .debug_info    0x0000000000005e84      0x76a ./Drivers/STM32F4xx_HAL_Driver/Src/stm32f4xx_hal_gpio.o
 .debug_info    0x00000000000065ee     0x2609 ./Drivers/STM32F4xx_HAL_Driver/Src/stm32f4xx_hal_i2c.o
 .debug_info    0x0000000000008bf7      0xeb6 ./Drivers/STM32F4xx_HAL_Driver/Src/stm32f4xx_hal_i2s.o
 .debug_info    0x0000000000009aad      0xb7b ./Drivers/STM32F4xx_HAL_Driver/Src/stm32f4xx_hal_i2s_ex.o
 .debug_info    0x000000000000a628     0x1695 ./Drivers/STM32F4xx_HAL_Driver/Src/stm32f4xx_hal_pcd.o
 .debug_info    0x000000000000bcbd      0x717 ./Drivers/STM32F4xx_HAL_Driver/Src/stm32f4xx_hal_pcd_ex.o
 .debug_info    0x000000000000c3d4      0x966 ./Drivers/STM32F4xx_HAL_Driver/Src/stm32f4xx_hal_rcc.o
 .debug_info    0x000000000000cd3a      0x569 ./Drivers/STM32F4xx_HAL_Driver/Src/stm32f4xx_hal_rcc_ex.o
 .debug_info    0x000000000000d2a3     0x1758 ./Drivers/STM32F4xx_HAL_Driver/Src/stm32f4xx_hal_spi.o
 .debug_info    0x000000000000e9fb     0x1a97 ./Drivers/STM32F4xx_HAL_Driver/Src/stm32f4xx_ll_usb.o
 .debug_info    0x0000000000010492      0xb0b ./Middlewares/ST/STM32_USB_Device_Library/Class/HID/Src/usbd_hid.o
 .debug_info    0x0000000000010f9d      0xee7 ./Middlewares/ST/STM32_USB_Device_Library/Core/Src/usbd_core.o
 .debug_info    0x0000000000011e84      0xb7f ./Middlewares/ST/STM32_USB_Device_Library/Core/Src/usbd_ctlreq.o
 .debug_info    0x0000000000012a03      0x7da ./Middlewares/ST/STM32_USB_Device_Library/Core/Src/usbd_ioreq.o
 .debug_info    0x00000000000131dd      0x661 ./USB_DEVICE/App/usb_device.o
 .debug_info    0x000000000001383e      0x498 ./USB_DEVICE/App/usbd_desc.o
 .debug_info    0x0000000000013cd6     0x1d11 ./USB_DEVICE/Target/usbd_conf.o

.debug_abbrev   0x0000000000000000     0x391f
 .debug_abbrev  0x0000000000000000      0x164 ./Core/Src/gpio.o
 .debug_abbrev  0x0000000000000164      0x1e0 ./Core/Src/i2c.o
 .debug_abbrev  0x0000000000000344      0x1e0 ./Core/Src/i2s.o
 .debug_abbrev  0x0000000000000524      0x2d9 ./Core/Src/main.o
 .debug_abbrev  0x00000000000007fd      0x1e0 ./Core/Src/spi.o
 .debug_abbrev  0x00000000000009dd       0xf0 ./Core/Src/stm32f4xx_hal_msp.o
 .debug_abbrev  0x0000000000000acd      0x1ae ./Core/Src/stm32f4xx_it.o
 .debug_abbrev  0x0000000000000c7b      0x116 ./Core/Src/system_stm32f4xx.o
 .debug_abbrev  0x0000000000000d91       0x12 ./Core/Startup/startup_stm32f407vgtx.o
 .debug_abbrev  0x0000000000000da3      0x20d ./Drivers/STM32F4xx_HAL_Driver/Src/stm32f4xx_hal.o
 .debug_abbrev  0x0000000000000fb0      0x316 ./Drivers/STM32F4xx_HAL_Driver/Src/stm32f4xx_hal_cortex.o
 .debug_abbrev  0x00000000000012c6      0x1c4 ./Drivers/STM32F4xx_HAL_Driver/Src/stm32f4xx_hal_gpio.o
 .debug_abbrev  0x000000000000148a      0x297 ./Drivers/STM32F4xx_HAL_Driver/Src/stm32f4xx_hal_i2c.o
 .debug_abbrev  0x0000000000001721      0x247 ./Drivers/STM32F4xx_HAL_Driver/Src/stm32f4xx_hal_i2s.o
 .debug_abbrev  0x0000000000001968      0x278 ./Drivers/STM32F4xx_HAL_Driver/Src/stm32f4xx_hal_i2s_ex.o
 .debug_abbrev  0x0000000000001be0      0x2bb ./Drivers/STM32F4xx_HAL_Driver/Src/stm32f4xx_hal_pcd.o
 .debug_abbrev  0x0000000000001e9b      0x1ce ./Drivers/STM32F4xx_HAL_Driver/Src/stm32f4xx_hal_pcd_ex.o
 .debug_abbrev  0x0000000000002069      0x2aa ./Drivers/STM32F4xx_HAL_Driver/Src/stm32f4xx_hal_rcc.o
 .debug_abbrev  0x0000000000002313      0x1a8 ./Drivers/STM32F4xx_HAL_Driver/Src/stm32f4xx_hal_rcc_ex.o
 .debug_abbrev  0x00000000000024bb      0x26e ./Drivers/STM32F4xx_HAL_Driver/Src/stm32f4xx_hal_spi.o
 .debug_abbrev  0x0000000000002729      0x296 ./Drivers/STM32F4xx_HAL_Driver/Src/stm32f4xx_ll_usb.o
 .debug_abbrev  0x00000000000029bf      0x291 ./Middlewares/ST/STM32_USB_Device_Library/Class/HID/Src/usbd_hid.o
 .debug_abbrev  0x0000000000002c50      0x263 ./Middlewares/ST/STM32_USB_Device_Library/Core/Src/usbd_core.o
 .debug_abbrev  0x0000000000002eb3      0x25c ./Middlewares/ST/STM32_USB_Device_Library/Core/Src/usbd_ctlreq.o
 .debug_abbrev  0x000000000000310f      0x18a ./Middlewares/ST/STM32_USB_Device_Library/Core/Src/usbd_ioreq.o
 .debug_abbrev  0x0000000000003299      0x181 ./USB_DEVICE/App/usb_device.o
 .debug_abbrev  0x000000000000341a      0x1da ./USB_DEVICE/App/usbd_desc.o
 .debug_abbrev  0x00000000000035f4      0x32b ./USB_DEVICE/Target/usbd_conf.o

.debug_aranges  0x0000000000000000     0x11d0
 .debug_aranges
                0x0000000000000000       0x20 ./Core/Src/gpio.o
 .debug_aranges
                0x0000000000000020       0x30 ./Core/Src/i2c.o
 .debug_aranges
                0x0000000000000050       0x30 ./Core/Src/i2s.o
 .debug_aranges
                0x0000000000000080       0x40 ./Core/Src/main.o
 .debug_aranges
                0x00000000000000c0       0x30 ./Core/Src/spi.o
 .debug_aranges
                0x00000000000000f0       0x20 ./Core/Src/stm32f4xx_hal_msp.o
 .debug_aranges
                0x0000000000000110       0x70 ./Core/Src/stm32f4xx_it.o
 .debug_aranges
                0x0000000000000180       0x28 ./Core/Src/system_stm32f4xx.o
 .debug_aranges
                0x00000000000001a8       0x28 ./Core/Startup/startup_stm32f407vgtx.o
 .debug_aranges
                0x00000000000001d0       0xf0 ./Drivers/STM32F4xx_HAL_Driver/Src/stm32f4xx_hal.o
 .debug_aranges
                0x00000000000002c0      0x118 ./Drivers/STM32F4xx_HAL_Driver/Src/stm32f4xx_hal_cortex.o
 .debug_aranges
                0x00000000000003d8       0x58 ./Drivers/STM32F4xx_HAL_Driver/Src/stm32f4xx_hal_gpio.o
 .debug_aranges
                0x0000000000000430      0x2a0 ./Drivers/STM32F4xx_HAL_Driver/Src/stm32f4xx_hal_i2c.o
 .debug_aranges
                0x00000000000006d0      0x108 ./Drivers/STM32F4xx_HAL_Driver/Src/stm32f4xx_hal_i2s.o
 .debug_aranges
                0x00000000000007d8       0x88 ./Drivers/STM32F4xx_HAL_Driver/Src/stm32f4xx_hal_i2s_ex.o
 .debug_aranges
                0x0000000000000860      0x148 ./Drivers/STM32F4xx_HAL_Driver/Src/stm32f4xx_hal_pcd.o
 .debug_aranges
                0x00000000000009a8       0x38 ./Drivers/STM32F4xx_HAL_Driver/Src/stm32f4xx_hal_pcd_ex.o
 .debug_aranges
                0x00000000000009e0       0x88 ./Drivers/STM32F4xx_HAL_Driver/Src/stm32f4xx_hal_rcc.o
 .debug_aranges
                0x0000000000000a68       0x48 ./Drivers/STM32F4xx_HAL_Driver/Src/stm32f4xx_hal_rcc_ex.o
 .debug_aranges
                0x0000000000000ab0      0x1d0 ./Drivers/STM32F4xx_HAL_Driver/Src/stm32f4xx_hal_spi.o
 .debug_aranges
                0x0000000000000c80      0x1a0 ./Drivers/STM32F4xx_HAL_Driver/Src/stm32f4xx_ll_usb.o
 .debug_aranges
                0x0000000000000e20       0x68 ./Middlewares/ST/STM32_USB_Device_Library/Class/HID/Src/usbd_hid.o
 .debug_aranges
                0x0000000000000e88       0xd8 ./Middlewares/ST/STM32_USB_Device_Library/Core/Src/usbd_core.o
 .debug_aranges
                0x0000000000000f60       0x90 ./Middlewares/ST/STM32_USB_Device_Library/Core/Src/usbd_ctlreq.o
 .debug_aranges
                0x0000000000000ff0       0x50 ./Middlewares/ST/STM32_USB_Device_Library/Core/Src/usbd_ioreq.o
 .debug_aranges
                0x0000000000001040       0x20 ./USB_DEVICE/App/usb_device.o
 .debug_aranges
                0x0000000000001060       0x60 ./USB_DEVICE/App/usbd_desc.o
 .debug_aranges
                0x00000000000010c0      0x110 ./USB_DEVICE/Target/usbd_conf.o

.debug_ranges   0x0000000000000000     0x1030
 .debug_ranges  0x0000000000000000       0x10 ./Core/Src/gpio.o
 .debug_ranges  0x0000000000000010       0x20 ./Core/Src/i2c.o
 .debug_ranges  0x0000000000000030       0x20 ./Core/Src/i2s.o
 .debug_ranges  0x0000000000000050       0x30 ./Core/Src/main.o
 .debug_ranges  0x0000000000000080       0x20 ./Core/Src/spi.o
 .debug_ranges  0x00000000000000a0       0x10 ./Core/Src/stm32f4xx_hal_msp.o
 .debug_ranges  0x00000000000000b0       0x60 ./Core/Src/stm32f4xx_it.o
 .debug_ranges  0x0000000000000110       0x18 ./Core/Src/system_stm32f4xx.o
 .debug_ranges  0x0000000000000128       0x20 ./Core/Startup/startup_stm32f407vgtx.o
 .debug_ranges  0x0000000000000148       0xe0 ./Drivers/STM32F4xx_HAL_Driver/Src/stm32f4xx_hal.o
 .debug_ranges  0x0000000000000228      0x108 ./Drivers/STM32F4xx_HAL_Driver/Src/stm32f4xx_hal_cortex.o
 .debug_ranges  0x0000000000000330       0x48 ./Drivers/STM32F4xx_HAL_Driver/Src/stm32f4xx_hal_gpio.o
 .debug_ranges  0x0000000000000378      0x2a8 ./Drivers/STM32F4xx_HAL_Driver/Src/stm32f4xx_hal_i2c.o
 .debug_ranges  0x0000000000000620       0xf8 ./Drivers/STM32F4xx_HAL_Driver/Src/stm32f4xx_hal_i2s.o
 .debug_ranges  0x0000000000000718       0x78 ./Drivers/STM32F4xx_HAL_Driver/Src/stm32f4xx_hal_i2s_ex.o
 .debug_ranges  0x0000000000000790      0x138 ./Drivers/STM32F4xx_HAL_Driver/Src/stm32f4xx_hal_pcd.o
 .debug_ranges  0x00000000000008c8       0x28 ./Drivers/STM32F4xx_HAL_Driver/Src/stm32f4xx_hal_pcd_ex.o
 .debug_ranges  0x00000000000008f0       0x78 ./Drivers/STM32F4xx_HAL_Driver/Src/stm32f4xx_hal_rcc.o
 .debug_ranges  0x0000000000000968       0x38 ./Drivers/STM32F4xx_HAL_Driver/Src/stm32f4xx_hal_rcc_ex.o
 .debug_ranges  0x00000000000009a0      0x1c0 ./Drivers/STM32F4xx_HAL_Driver/Src/stm32f4xx_hal_spi.o
 .debug_ranges  0x0000000000000b60      0x190 ./Drivers/STM32F4xx_HAL_Driver/Src/stm32f4xx_ll_usb.o
 .debug_ranges  0x0000000000000cf0       0x58 ./Middlewares/ST/STM32_USB_Device_Library/Class/HID/Src/usbd_hid.o
 .debug_ranges  0x0000000000000d48       0xc8 ./Middlewares/ST/STM32_USB_Device_Library/Core/Src/usbd_core.o
 .debug_ranges  0x0000000000000e10       0x80 ./Middlewares/ST/STM32_USB_Device_Library/Core/Src/usbd_ctlreq.o
 .debug_ranges  0x0000000000000e90       0x40 ./Middlewares/ST/STM32_USB_Device_Library/Core/Src/usbd_ioreq.o
 .debug_ranges  0x0000000000000ed0       0x10 ./USB_DEVICE/App/usb_device.o
 .debug_ranges  0x0000000000000ee0       0x50 ./USB_DEVICE/App/usbd_desc.o
 .debug_ranges  0x0000000000000f30      0x100 ./USB_DEVICE/Target/usbd_conf.o

.debug_macro    0x0000000000000000    0x2494e
 .debug_macro   0x0000000000000000      0x22a ./Core/Src/gpio.o
 .debug_macro   0x000000000000022a      0xa78 ./Core/Src/gpio.o
 .debug_macro   0x0000000000000ca2      0x2a7 ./Core/Src/gpio.o
 .debug_macro   0x0000000000000f49       0x2e ./Core/Src/gpio.o
 .debug_macro   0x0000000000000f77       0x2f ./Core/Src/gpio.o
 .debug_macro   0x0000000000000fa6       0x22 ./Core/Src/gpio.o
 .debug_macro   0x0000000000000fc8       0x8e ./Core/Src/gpio.o
 .debug_macro   0x0000000000001056       0x51 ./Core/Src/gpio.o
 .debug_macro   0x00000000000010a7      0x103 ./Core/Src/gpio.o
 .debug_macro   0x00000000000011aa       0x6a ./Core/Src/gpio.o
 .debug_macro   0x0000000000001214      0x1df ./Core/Src/gpio.o
 .debug_macro   0x00000000000013f3       0x1c ./Core/Src/gpio.o
 .debug_macro   0x000000000000140f       0x22 ./Core/Src/gpio.o
 .debug_macro   0x0000000000001431       0xd9 ./Core/Src/gpio.o
 .debug_macro   0x000000000000150a     0x102d ./Core/Src/gpio.o
 .debug_macro   0x0000000000002537      0x11f ./Core/Src/gpio.o
 .debug_macro   0x0000000000002656    0x15e82 ./Core/Src/gpio.o
 .debug_macro   0x00000000000184d8       0x6d ./Core/Src/gpio.o
 .debug_macro   0x0000000000018545     0x367e ./Core/Src/gpio.o
 .debug_macro   0x000000000001bbc3      0x174 ./Core/Src/gpio.o
 .debug_macro   0x000000000001bd37       0x5c ./Core/Src/gpio.o
 .debug_macro   0x000000000001bd93      0x96b ./Core/Src/gpio.o
 .debug_macro   0x000000000001c6fe      0x9fe ./Core/Src/gpio.o
 .debug_macro   0x000000000001d0fc      0x115 ./Core/Src/gpio.o
 .debug_macro   0x000000000001d211      0x13e ./Core/Src/gpio.o
 .debug_macro   0x000000000001d34f       0xa5 ./Core/Src/gpio.o
 .debug_macro   0x000000000001d3f4      0x174 ./Core/Src/gpio.o
 .debug_macro   0x000000000001d568      0x287 ./Core/Src/gpio.o
 .debug_macro   0x000000000001d7ef       0x5f ./Core/Src/gpio.o
 .debug_macro   0x000000000001d84e      0x236 ./Core/Src/gpio.o
 .debug_macro   0x000000000001da84      0x12c ./Core/Src/gpio.o
 .debug_macro   0x000000000001dbb0      0x21e ./Core/Src/gpio.o
 .debug_macro   0x000000000001ddce       0x2e ./Core/Src/gpio.o
 .debug_macro   0x000000000001ddfc      0x1b5 ./Core/Src/gpio.o
 .debug_macro   0x000000000001dfb1       0xd6 ./Core/Src/gpio.o
 .debug_macro   0x000000000001e087      0x1a7 ./Core/Src/gpio.o
 .debug_macro   0x000000000001e22e       0x46 ./Core/Src/gpio.o
 .debug_macro   0x000000000001e274       0x4a ./Core/Src/gpio.o
 .debug_macro   0x000000000001e2be      0x11a ./Core/Src/gpio.o
 .debug_macro   0x000000000001e3d8       0x7e ./Core/Src/gpio.o
 .debug_macro   0x000000000001e456       0x89 ./Core/Src/gpio.o
 .debug_macro   0x000000000001e4df      0x225 ./Core/Src/gpio.o
 .debug_macro   0x000000000001e704      0x248 ./Core/Src/gpio.o
 .debug_macro   0x000000000001e94c       0xba ./Core/Src/gpio.o
 .debug_macro   0x000000000001ea06      0x12d ./Core/Src/gpio.o
 .debug_macro   0x000000000001eb33      0x196 ./Core/Src/gpio.o
 .debug_macro   0x000000000001ecc9      0x22a ./Core/Src/i2c.o
 .debug_macro   0x000000000001eef3      0x22a ./Core/Src/i2s.o
 .debug_macro   0x000000000001f11d      0x478 ./Core/Src/main.o
 .debug_macro   0x000000000001f595       0x52 ./Core/Src/main.o
 .debug_macro   0x000000000001f5e7       0x1e ./Core/Src/main.o
 .debug_macro   0x000000000001f605       0x3c ./Core/Src/main.o
 .debug_macro   0x000000000001f641       0x34 ./Core/Src/main.o
 .debug_macro   0x000000000001f675       0x16 ./Core/Src/main.o
 .debug_macro   0x000000000001f68b       0x35 ./Core/Src/main.o
 .debug_macro   0x000000000001f6c0      0x341 ./Core/Src/main.o
 .debug_macro   0x000000000001fa01       0x10 ./Core/Src/main.o
 .debug_macro   0x000000000001fa11       0x16 ./Core/Src/main.o
 .debug_macro   0x000000000001fa27       0x43 ./Core/Src/main.o
 .debug_macro   0x000000000001fa6a       0x34 ./Core/Src/main.o
 .debug_macro   0x000000000001fa9e       0x10 ./Core/Src/main.o
 .debug_macro   0x000000000001faae       0x58 ./Core/Src/main.o
 .debug_macro   0x000000000001fb06       0x71 ./Core/Src/main.o
 .debug_macro   0x000000000001fb77       0x1c ./Core/Src/main.o
 .debug_macro   0x000000000001fb93      0x12a ./Core/Src/main.o
 .debug_macro   0x000000000001fcbd       0x10 ./Core/Src/main.o
 .debug_macro   0x000000000001fccd       0x1c ./Core/Src/main.o
 .debug_macro   0x000000000001fce9       0x52 ./Core/Src/main.o
 .debug_macro   0x000000000001fd3b       0x22 ./Core/Src/main.o
 .debug_macro   0x000000000001fd5d       0x10 ./Core/Src/main.o
 .debug_macro   0x000000000001fd6d       0x52 ./Core/Src/main.o
 .debug_macro   0x000000000001fdbf       0xd5 ./Core/Src/main.o
 .debug_macro   0x000000000001fe94       0x1c ./Core/Src/main.o
 .debug_macro   0x000000000001feb0       0x3d ./Core/Src/main.o
 .debug_macro   0x000000000001feed       0x16 ./Core/Src/main.o
 .debug_macro   0x000000000001ff03      0x145 ./Core/Src/main.o
 .debug_macro   0x0000000000020048       0x16 ./Core/Src/main.o
 .debug_macro   0x000000000002005e       0x16 ./Core/Src/main.o
 .debug_macro   0x0000000000020074       0x29 ./Core/Src/main.o
 .debug_macro   0x000000000002009d       0x16 ./Core/Src/main.o
 .debug_macro   0x00000000000200b3       0x20 ./Core/Src/main.o
 .debug_macro   0x00000000000200d3       0x6b ./Core/Src/main.o
 .debug_macro   0x000000000002013e      0x20f ./Core/Src/main.o
 .debug_macro   0x000000000002034d       0x5f ./Core/Src/main.o
 .debug_macro   0x00000000000203ac      0x22a ./Core/Src/spi.o
 .debug_macro   0x00000000000205d6      0x220 ./Core/Src/stm32f4xx_hal_msp.o
 .debug_macro   0x00000000000207f6      0x22a ./Core/Src/stm32f4xx_it.o
 .debug_macro   0x0000000000020a20      0x211 ./Core/Src/system_stm32f4xx.o
 .debug_macro   0x0000000000020c31      0x271 ./Drivers/STM32F4xx_HAL_Driver/Src/stm32f4xx_hal.o
 .debug_macro   0x0000000000020ea2      0x211 ./Drivers/STM32F4xx_HAL_Driver/Src/stm32f4xx_hal_cortex.o
 .debug_macro   0x00000000000210b3      0x217 ./Drivers/STM32F4xx_HAL_Driver/Src/stm32f4xx_hal_gpio.o
 .debug_macro   0x00000000000212ca      0x258 ./Drivers/STM32F4xx_HAL_Driver/Src/stm32f4xx_hal_i2c.o
 .debug_macro   0x0000000000021522      0x219 ./Drivers/STM32F4xx_HAL_Driver/Src/stm32f4xx_hal_i2s.o
 .debug_macro   0x000000000002173b      0x211 ./Drivers/STM32F4xx_HAL_Driver/Src/stm32f4xx_hal_i2s_ex.o
 .debug_macro   0x000000000002194c      0x21d ./Drivers/STM32F4xx_HAL_Driver/Src/stm32f4xx_hal_pcd.o
 .debug_macro   0x0000000000021b69      0x211 ./Drivers/STM32F4xx_HAL_Driver/Src/stm32f4xx_hal_pcd_ex.o
 .debug_macro   0x0000000000021d7a      0x235 ./Drivers/STM32F4xx_HAL_Driver/Src/stm32f4xx_hal_rcc.o
 .debug_macro   0x0000000000021faf      0x211 ./Drivers/STM32F4xx_HAL_Driver/Src/stm32f4xx_hal_rcc_ex.o
 .debug_macro   0x00000000000221c0      0x220 ./Drivers/STM32F4xx_HAL_Driver/Src/stm32f4xx_hal_spi.o
 .debug_macro   0x00000000000223e0      0x211 ./Drivers/STM32F4xx_HAL_Driver/Src/stm32f4xx_ll_usb.o
 .debug_macro   0x00000000000225f1      0x436 ./Middlewares/ST/STM32_USB_Device_Library/Class/HID/Src/usbd_hid.o
 .debug_macro   0x0000000000022a27       0x97 ./Middlewares/ST/STM32_USB_Device_Library/Class/HID/Src/usbd_hid.o
 .debug_macro   0x0000000000022abe       0xfd ./Middlewares/ST/STM32_USB_Device_Library/Class/HID/Src/usbd_hid.o
 .debug_macro   0x0000000000022bbb       0x56 ./Middlewares/ST/STM32_USB_Device_Library/Class/HID/Src/usbd_hid.o
 .debug_macro   0x0000000000022c11      0x41d ./Middlewares/ST/STM32_USB_Device_Library/Core/Src/usbd_core.o
 .debug_macro   0x000000000002302e      0x215 ./Middlewares/ST/STM32_USB_Device_Library/Core/Src/usbd_core.o
 .debug_macro   0x0000000000023243      0x427 ./Middlewares/ST/STM32_USB_Device_Library/Core/Src/usbd_ctlreq.o
 .debug_macro   0x000000000002366a      0x423 ./Middlewares/ST/STM32_USB_Device_Library/Core/Src/usbd_ioreq.o
 .debug_macro   0x0000000000023a8d      0x44d ./USB_DEVICE/App/usb_device.o
 .debug_macro   0x0000000000023eda      0x19c ./USB_DEVICE/App/usb_device.o
 .debug_macro   0x0000000000024076       0x22 ./USB_DEVICE/App/usb_device.o
 .debug_macro   0x0000000000024098      0x460 ./USB_DEVICE/App/usbd_desc.o
 .debug_macro   0x00000000000244f8       0x1c ./USB_DEVICE/App/usbd_desc.o
 .debug_macro   0x0000000000024514      0x43a ./USB_DEVICE/Target/usbd_conf.o

.debug_line     0x0000000000000000    0x1ad5e
 .debug_line    0x0000000000000000      0x82d ./Core/Src/gpio.o
 .debug_line    0x000000000000082d      0x820 ./Core/Src/i2c.o
 .debug_line    0x000000000000104d      0x844 ./Core/Src/i2s.o
 .debug_line    0x0000000000001891      0xeeb ./Core/Src/main.o
 .debug_line    0x000000000000277c      0x828 ./Core/Src/spi.o
 .debug_line    0x0000000000002fa4      0x7b8 ./Core/Src/stm32f4xx_hal_msp.o
 .debug_line    0x000000000000375c      0x8a9 ./Core/Src/stm32f4xx_it.o
 .debug_line    0x0000000000004005      0x838 ./Core/Src/system_stm32f4xx.o
 .debug_line    0x000000000000483d       0x88 ./Core/Startup/startup_stm32f407vgtx.o
 .debug_line    0x00000000000048c5      0xa9e ./Drivers/STM32F4xx_HAL_Driver/Src/stm32f4xx_hal.o
 .debug_line    0x0000000000005363      0xd4d ./Drivers/STM32F4xx_HAL_Driver/Src/stm32f4xx_hal_cortex.o
 .debug_line    0x00000000000060b0      0xc12 ./Drivers/STM32F4xx_HAL_Driver/Src/stm32f4xx_hal_gpio.o
 .debug_line    0x0000000000006cc2     0x3a53 ./Drivers/STM32F4xx_HAL_Driver/Src/stm32f4xx_hal_i2c.o
 .debug_line    0x000000000000a715     0x1437 ./Drivers/STM32F4xx_HAL_Driver/Src/stm32f4xx_hal_i2s.o
 .debug_line    0x000000000000bb4c     0x1536 ./Drivers/STM32F4xx_HAL_Driver/Src/stm32f4xx_hal_i2s_ex.o
 .debug_line    0x000000000000d082     0x1541 ./Drivers/STM32F4xx_HAL_Driver/Src/stm32f4xx_hal_pcd.o
 .debug_line    0x000000000000e5c3      0x881 ./Drivers/STM32F4xx_HAL_Driver/Src/stm32f4xx_hal_pcd_ex.o
 .debug_line    0x000000000000ee44      0xe1a ./Drivers/STM32F4xx_HAL_Driver/Src/stm32f4xx_hal_rcc.o
 .debug_line    0x000000000000fc5e      0xab4 ./Drivers/STM32F4xx_HAL_Driver/Src/stm32f4xx_hal_rcc_ex.o
 .debug_line    0x0000000000010712     0x1d28 ./Drivers/STM32F4xx_HAL_Driver/Src/stm32f4xx_hal_spi.o
 .debug_line    0x000000000001243a     0x1b5b ./Drivers/STM32F4xx_HAL_Driver/Src/stm32f4xx_ll_usb.o
 .debug_line    0x0000000000013f95      0xf41 ./Middlewares/ST/STM32_USB_Device_Library/Class/HID/Src/usbd_hid.o
 .debug_line    0x0000000000014ed6     0x1216 ./Middlewares/ST/STM32_USB_Device_Library/Core/Src/usbd_core.o
 .debug_line    0x00000000000160ec     0x13e7 ./Middlewares/ST/STM32_USB_Device_Library/Core/Src/usbd_ctlreq.o
 .debug_line    0x00000000000174d3      0xd2e ./Middlewares/ST/STM32_USB_Device_Library/Core/Src/usbd_ioreq.o
 .debug_line    0x0000000000018201      0xcd0 ./USB_DEVICE/App/usb_device.o
 .debug_line    0x0000000000018ed1      0xdb3 ./USB_DEVICE/App/usbd_desc.o
 .debug_line    0x0000000000019c84     0x10da ./USB_DEVICE/Target/usbd_conf.o

.debug_str      0x0000000000000000    0xca58b
 .debug_str     0x0000000000000000    0xc0b2d ./Core/Src/gpio.o
                                      0xc0de7 (size before relaxing)
 .debug_str     0x00000000000c0b2d      0x531 ./Core/Src/i2c.o
                                      0xc0de4 (size before relaxing)
 .debug_str     0x00000000000c105e      0x290 ./Core/Src/i2s.o
                                      0xc0dcc (size before relaxing)
 .debug_str     0x00000000000c12ee     0x5227 ./Core/Src/main.o
                                      0xc5eba (size before relaxing)
 .debug_str     0x00000000000c6515       0x4b ./Core/Src/spi.o
                                      0xc0d41 (size before relaxing)
 .debug_str     0x00000000000c6560       0x49 ./Core/Src/stm32f4xx_hal_msp.o